Component: ARM Compiler 5.05 update 2 (build 169) Tool: armlink [4d0f33]

==============================================================================

Section Cross References

    startup_stm32f10x_hd.o(RESET) refers to startup_stm32f10x_hd.o(STACK) for __initial_sp
    startup_stm32f10x_hd.o(RESET) refers to startup_stm32f10x_hd.o(.text) for Reset_Handler
    startup_stm32f10x_hd.o(RESET) refers to stm32f10x_it.o(.text) for NMI_Handler
    startup_stm32f10x_hd.o(RESET) refers to main.o(.text) for USART1_IRQHandler
    startup_stm32f10x_hd.o(.text) refers to system_stm32f10x.o(.text) for SystemInit
    startup_stm32f10x_hd.o(.text) refers to entry.o(.ARM.Collect$$$$00000000) for __main
    system_stm32f10x.o(.text) refers to system_stm32f10x.o(.data) for SystemCoreClock
    stm32f10x_adc.o(.text) refers to stm32f10x_rcc.o(.text) for RCC_APB2PeriphResetCmd
    stm32f10x_bkp.o(.text) refers to stm32f10x_rcc.o(.text) for RCC_BackupResetCmd
    stm32f10x_can.o(.text) refers to stm32f10x_rcc.o(.text) for RCC_APB1PeriphResetCmd
    stm32f10x_cec.o(.text) refers to stm32f10x_rcc.o(.text) for RCC_APB1PeriphResetCmd
    stm32f10x_dac.o(.text) refers to stm32f10x_rcc.o(.text) for RCC_APB1PeriphResetCmd
    stm32f10x_gpio.o(.text) refers to stm32f10x_rcc.o(.text) for RCC_APB2PeriphResetCmd
    stm32f10x_i2c.o(.text) refers to stm32f10x_rcc.o(.text) for RCC_APB1PeriphResetCmd
    stm32f10x_pwr.o(.text) refers to stm32f10x_rcc.o(.text) for RCC_APB1PeriphResetCmd
    stm32f10x_rcc.o(.text) refers to stm32f10x_rcc.o(.data) for APBAHBPrescTable
    stm32f10x_spi.o(.text) refers to stm32f10x_rcc.o(.text) for RCC_APB2PeriphResetCmd
    stm32f10x_tim.o(.text) refers to stm32f10x_rcc.o(.text) for RCC_APB2PeriphResetCmd
    stm32f10x_usart.o(.text) refers to stm32f10x_rcc.o(.text) for RCC_APB2PeriphResetCmd
    stm32f10x_wwdg.o(.text) refers to stm32f10x_rcc.o(.text) for RCC_APB1PeriphResetCmd
    main.o(.text) refers to stm32f10x_usart.o(.text) for USART_GetITStatus
    main.o(.text) refers to printfa.o(i.__0printf) for __2printf
    main.o(.text) refers to strcmp.o(.text) for strcmp
    main.o(.text) refers to stm32f10x_flash.o(.text) for FLASH_Unlock
    main.o(.text) refers to bsp_i2c_ee.o(.text) for ee_WRITE_BYTES
    main.o(.text) refers to main.o(.data) for cmd_received
    main.o(.text) refers to main.o(.bss) for g_usart_buf
    main.o(.text) refers to strtol.o(.text) for strtol
    main.o(.text) refers to dfltui.o(.text) for __aeabi_ui2d
    main.o(.text) refers to ddiv.o(.text) for __aeabi_ddiv
    main.o(.text) refers to dmul.o(.text) for __aeabi_dmul
    main.o(.text) refers to dfixui.o(.text) for __aeabi_d2uiz
    main.o(.text) refers to dfixi.o(.text) for __aeabi_d2iz
    main.o(.text) refers to dflti.o(.text) for __aeabi_i2d
    main.o(.text) refers to bsp_pwm.o(.text) for ADVANCE_3D_PWM_Config
    main.o(.text) refers to bsp_uart.o(.text) for USART_Config
    main.o(.text) refers to bsp_i2c_gpio.o(.text) for i2c_GPIO_Config
    main.o(.text) refers to atoi.o(.text) for atoi
    main.o(.text) refers to strtod.o(i.strtod) for strtod
    main.o(.text) refers to strncmp.o(.text) for strncmp
    main.o(.text) refers to cdcmple.o(.text) for __aeabi_cdcmpeq
    main.o(.text) refers to cdrcmple.o(.text) for __aeabi_cdrcmple
    main.o(.text) refers to memseta.o(.text) for __aeabi_memclr4
    main.o(.text) refers to main.o(.conststring) for .conststring
    main.o(.text) refers to strlen.o(.text) for strlen
    main.o(.text) refers to strncpy.o(.text) for strncpy
    main.o(.text) refers to strtok.o(.text) for strtok
    stm32f10x_it.o(.text) refers to stm32f10x_usart.o(.text) for USART_GetITStatus
    bsp_uart.o(.text) refers to misc.o(.text) for NVIC_PriorityGroupConfig
    bsp_uart.o(.text) refers to stm32f10x_rcc.o(.text) for RCC_APB2PeriphClockCmd
    bsp_uart.o(.text) refers to stm32f10x_gpio.o(.text) for GPIO_Init
    bsp_uart.o(.text) refers to stm32f10x_usart.o(.text) for USART_Init
    bsp_pwm.o(.text) refers to stm32f10x_rcc.o(.text) for RCC_APB2PeriphClockCmd
    bsp_pwm.o(.text) refers to stm32f10x_gpio.o(.text) for GPIO_Init
    bsp_pwm.o(.text) refers to stm32f10x_tim.o(.text) for TIM_TimeBaseInit
    bsp_pwm.o(.text) refers to system_stm32f10x.o(.data) for SystemCoreClock
    bsp_i2c_ee.o(.text) refers to bsp_i2c_gpio.o(.text) for i2c_START
    bsp_i2c_gpio.o(.text) refers to stm32f10x_rcc.o(.text) for RCC_APB2PeriphClockCmd
    bsp_i2c_gpio.o(.text) refers to stm32f10x_gpio.o(.text) for GPIO_Init
    strtod.o(i.__softfp_strtod) refers (Special) to iusefp.o(.text) for __I$use$fp
    strtod.o(i.__softfp_strtod) refers to strtod.o(.text) for __strtod_int
    strtod.o(i.strtod) refers (Special) to iusefp.o(.text) for __I$use$fp
    strtod.o(i.strtod) refers to strtod.o(.text) for __strtod_int
    entry.o(.ARM.Collect$$$$00000000) refers (Special) to entry10a.o(.ARM.Collect$$$$0000000D) for __rt_final_cpp
[...]
    printfa.o(i.__0vprintf) refers to bsp_uart.o(.text) for fputc
    printfa.o(i.__0vprintf) refers to stdout.o(.data) for __stdout
    printfa.o(i.__0vsnprintf) refers (Special) to iusefp.o(.text) for __I$use$fp
    printfa.o(i.__0vsnprintf) refers to printfa.o(i._printf_core) for _printf_core
    printfa.o(i.__0vsnprintf) refers to printfa.o(i._snputc) for _snputc
    printfa.o(i.__0vsprintf) refers (Special) to iusefp.o(.text) for __I$use$fp
    printfa.o(i.__0vsprintf) refers to printfa.o(i._printf_core) for _printf_core
    printfa.o(i.__0vsprintf) refers to printfa.o(i._sputc) for _sputc
    printfa.o(i._fp_digits) refers (Special) to iusefp.o(.text) for __I$use$fp
    printfa.o(i._fp_digits) refers to dmul.o(.text) for __aeabi_dmul
    printfa.o(i._fp_digits) refers to ddiv.o(.text) for __aeabi_ddiv
    printfa.o(i._fp_digits) refers to cdrcmple.o(.text) for __aeabi_cdrcmple
    printfa.o(i._fp_digits) refers to dadd.o(.text) for __aeabi_dadd
    printfa.o(i._fp_digits) refers to dfixul.o(.text) for __aeabi_d2ulz
    printfa.o(i._fp_digits) refers to uldiv.o(.text) for __aeabi_uldivmod
    printfa.o(i._printf_core) refers (Special) to iusefp.o(.text) for __I$use$fp
    printfa.o(i._printf_core) refers to printfa.o(i._printf_pre_padding) for _printf_pre_padding
    printfa.o(i._printf_core) refers to uldiv.o(.text) for __aeabi_uldivmod
    printfa.o(i._printf_core) refers to printfa.o(i._printf_post_padding) for _printf_post_padding
    printfa.o(i._printf_core) refers to printfa.o(i._fp_digits) for _fp_digits
    printfa.o(i._printf_core) refers to uidiv.o(.text) for __aeabi_uidivmod
    printfa.o(i._printf_post_padding) refers (Special) to iusefp.o(.text) for __I$use$fp
    printfa.o(i._printf_pre_padding) refers (Special) to iusefp.o(.text) for __I$use$fp
    printfa.o(i._snputc) refers (Special) to iusefp.o(.text) for __I$use$fp
    printfa.o(i._sputc) refers (Special) to iusefp.o(.text) for __I$use$fp
    strtol.o(.text) refers to ctype_o.o(.text) for __rt_ctype_table
    strtol.o(.text) refers to _strtoul.o(.text) for _strtoul
    strtol.o(.text) refers to errno.o(i.__aeabi_errno_addr) for __aeabi_errno_addr
    atoi.o(.text) refers to errno.o(i.__aeabi_errno_addr) for __aeabi_errno_addr
    atoi.o(.text) refers to strtol.o(.text) for strtol
    dmul.o(.text) refers (Special) to iusefp.o(.text) for __I$use$fp
    dmul.o(.text) refers to depilogue.o(.text) for _double_epilogue
    ddiv.o(.text) refers (Special) to iusefp.o(.text) for __I$use$fp
    ddiv.o(.text) refers to depilogue.o(.text) for _double_round
    dflti.o(.text) refers (Special) to iusefp.o(.text) for __I$use$fp
    dflti.o(.text) refers to depilogue.o(.text) for _double_epilogue
    dfltui.o(.text) refers (Special) to iusefp.o(.text) for __I$use$fp
    dfltui.o(.text) refers to depilogue.o(.text) for _double_epilogue
    dfixi.o(.text) refers (Special) to iusefp.o(.text) for __I$use$fp
    dfixi.o(.text) refers to llushr.o(.text) for __aeabi_llsr
    dfixui.o(.text) refers (Special) to iusefp.o(.text) for __I$use$fp
    dfixui.o(.text) refers to llushr.o(.text) for __aeabi_llsr
    cdcmple.o(.text) refers (Special) to iusefp.o(.text) for __I$use$fp
    cdrcmple.o(.text) refers (Special) to iusefp.o(.text) for __I$use$fp
    entry2.o(.ARM.Collect$$$$00000001) refers to entry2.o(.ARM.Collect$$$$00002712) for __lit__00000000
    entry2.o(.ARM.Collect$$$$00002712) refers to startup_stm32f10x_hd.o(STACK) for __initial_sp
    entry2.o(__vectab_stack_and_reset_area) refers to startup_stm32f10x_hd.o(STACK) for __initial_sp
    entry2.o(__vectab_stack_and_reset_area) refers to entry.o(.ARM.Collect$$$$00000000) for __main
    entry5.o(.ARM.Collect$$$$00000004) refers to init.o(.text) for __scatterload
    entry9a.o(.ARM.Collect$$$$0000000B) refers to main.o(.text) for main
    entry9b.o(.ARM.Collect$$$$0000000C) refers to main.o(.text) for main
    uldiv.o(.text) refers to llushr.o(.text) for __aeabi_llsr
    uldiv.o(.text) refers to llshl.o(.text) for __aeabi_llsl
    ctype_o.o(.text) refers to ctype_o.o(.constdata) for .constdata
    ctype_o.o(.constdata) refers to ctype_o.o(.constdata) for __ctype_table
    isalnum_o.o(.text) refers to ctype_o.o(.text) for __rt_ctype_table
    isalpha_o.o(.text) refers to ctype_o.o(.text) for __rt_ctype_table
    isblank_o.o(.text) refers to ctype_o.o(.constdata) for __ctype_table
    iscntrl_o.o(.text) refers to ctype_o.o(.text) for __rt_ctype_table
    isdigit_o.o(.text) refers to ctype_o.o(.text) for __rt_ctype_table
    isgraph_o.o(.text) refers to ctype_o.o(.text) for __rt_ctype_table
    islower_o.o(.text) refers to ctype_o.o(.text) for __rt_ctype_table
    isprint_o.o(.text) refers to ctype_o.o(.text) for __rt_ctype_table
    ispunct_o.o(.text) refers to ctype_o.o(.text) for __rt_ctype_table
    isspace_o.o(.text) refers to ctype_o.o(.text) for __rt_ctype_table
    isupper_o.o(.text) refers to ctype_o.o(.text) for __rt_ctype_table
    isxdigit_o.o(.text) refers to ctype_o.o(.text) for __rt_ctype_table
    errno.o(i.__aeabi_errno_addr) refers to errno.o(.data) for .data
    errno.o(i.__read_errno) refers to errno.o(.data) for .data
    errno.o(i.__set_errno) refers to errno.o(.data) for .data
    _strtoul.o(.text) refers to _chval.o(.text) for _chval
    _strtoul.o(.text) refers to errno.o(i.__aeabi_errno_addr) for __aeabi_errno_addr
    strtod.o(.text) refers to scanf_fp.o(.text) for _scanf_real
    strtod.o(.text) refers to _sgetc.o(.text) for _sgetc
    strtod.o(.text) refers to isspace_o.o(.text) for isspace
    depilogue.o(.text) refers to llshl.o(.text) for __aeabi_llsl
    depilogue.o(.text) refers to llushr.o(.text) for __aeabi_llsr
    dadd.o(.text) refers to llshl.o(.text) for __aeabi_llsl
    dadd.o(.text) refers to llsshr.o(.text) for __aeabi_lasr
    dadd.o(.text) refers to depilogue.o(.text) for _double_epilogue
    dfixul.o(.text) refers to llushr.o(.text) for __aeabi_llsr
    dfixul.o(.text) refers to llshl.o(.text) for __aeabi_llsl
    init.o(.text) refers to entry5.o(.ARM.Collect$$$$00000004) for __main_after_scatterload
    isspace_c.o(.text) refers to ctype_c.o(.text) for __ctype_lookup
    scanf_fp.o(.text) refers (Special) to iusefp.o(.text) for __I$use$fp
    scanf_fp.o(.text) refers to dfltul.o(.text) for __aeabi_ul2d
    scanf_fp.o(.text) refers to dmul.o(.text) for __aeabi_dmul
    scanf_fp.o(.text) refers to ddiv.o(.text) for __aeabi_ddiv
    scanf_fp.o(.text) refers to scanf_fp.o(i._is_digit) for _is_digit
    scanf_fp.o(.text) refers to d2f.o(.text) for __aeabi_d2f
    ctype_c.o(.text) refers to ctype_c.o(.constdata) for .constdata
    dfltul.o(.text) refers to depilogue.o(.text) for _double_epilogue
    d2f.o(.text) refers to fepilogue.o(.text) for _float_round
    scanf_fp.o(i._is_digit) refers (Special) to iusefp.o(.text) for __I$use$fp


==============================================================================

Removing Unused input sections from the image.

    Removing startup_stm32f10x_hd.o(HEAP), (512 bytes).
    Removing core_cm3.o(.emb_text), (32 bytes).
    Removing stm32f10x_adc.o(.text), (1102 bytes).
    Removing stm32f10x_bkp.o(.text), (196 bytes).
    Removing stm32f10x_can.o(.text), (2544 bytes).
    Removing stm32f10x_cec.o(.text), (288 bytes).
    Removing stm32f10x_crc.o(.text), (72 bytes).
    Removing stm32f10x_dac.o(.text), (396 bytes).
    Removing stm32f10x_dbgmcu.o(.text), (48 bytes).
    Removing stm32f10x_dma.o(.text), (596 bytes).
    Removing stm32f10x_exti.o(.text), (284 bytes).
    Removing stm32f10x_fsmc.o(.text), (1548 bytes).
    Removing stm32f10x_i2c.o(.text), (1028 bytes).
    Removing stm32f10x_iwdg.o(.text), (64 bytes).
    Removing stm32f10x_pwr.o(.text), (204 bytes).
    Removing stm32f10x_rtc.o(.text), (328 bytes).
    Removing stm32f10x_sdio.o(.text), (468 bytes).
    Removing stm32f10x_spi.o(.text), (780 bytes).
    Removing stm32f10x_wwdg.o(.text), (136 bytes).

19 unused section(s) (total 10626 bytes) removed from the image.

==============================================================================

Image Symbol Table

    Local Symbols

    Symbol Name                              Value     Ov Type        Size  Object(Section)

    ../clib/../cmprslib/zerorunl2.c          0x00000000   Number         0  __dczerorl2.o ABSOLUTE
    ../clib/microlib/ctype/ctype.c           0x00000000   Number         0  islower_o.o ABSOLUTE
    ../clib/microlib/ctype/ctype.c           0x00000000   Number         0  ispunct_o.o ABSOLUTE
    ../clib/microlib/ctype/ctype.c           0x00000000   Number         0  isspace_o.o ABSOLUTE
    ../clib/microlib/ctype/ctype.c           0x00000000   Number         0  ctype_c.o ABSOLUTE
    ../clib/microlib/ctype/ctype.c           0x00000000   Number         0  isupper_o.o ABSOLUTE
    ../clib/microlib/ctype/ctype.c           0x00000000   Number         0  isxdigit_o.o ABSOLUTE
    ../clib/microlib/ctype/ctype.c           0x00000000   Number         0  isdigit_o.o ABSOLUTE
    ../clib/microlib/ctype/ctype.c           0x00000000   Number         0  isspace_c.o ABSOLUTE
    ../clib/microlib/ctype/ctype.c           0x00000000   Number         0  isgraph_o.o ABSOLUTE
    ../clib/microlib/ctype/ctype.c           0x00000000   Number         0  ctype_o.o ABSOLUTE
    ../clib/microlib/ctype/ctype.c           0x00000000   Number         0  isprint_o.o ABSOLUTE
    ../clib/microlib/ctype/ctype.c           0x00000000   Number         0  isalnum_o.o ABSOLUTE
    ../clib/microlib/ctype/ctype.c           0x00000000   Number         0  isalpha_o.o ABSOLUTE
    ../clib/microlib/ctype/ctype.c           0x00000000   Number         0  isblank_o.o ABSOLUTE
    ../clib/microlib/ctype/ctype.c           0x00000000   Number         0  iscntrl_o.o ABSOLUTE
    ../clib/microlib/division.c              0x00000000   Number         0  uidiv.o ABSOLUTE
    ../clib/microlib/division.c              0x00000000   Number         0  uldiv.o ABSOLUTE
    ../clib/microlib/errno.c                 0x00000000   Number         0  errno.o ABSOLUTE
    ../clib/microlib/init/entry.s            0x00000000   Number         0  entry7b.o ABSOLUTE
    ../clib/microlib/init/entry.s            0x00000000   Number         0  entry7a.o ABSOLUTE
    ../clib/microlib/init/entry.s            0x00000000   Number         0  entry5.o ABSOLUTE
    ../clib/microlib/init/entry.s            0x00000000   Number         0  entry8b.o ABSOLUTE
    ../clib/microlib/init/entry.s            0x00000000   Number         0  entry9a.o ABSOLUTE
    ../clib/microlib/init/entry.s            0x00000000   Number         0  entry.o ABSOLUTE
    ../clib/microlib/init/entry.s            0x00000000   Number         0  entry9b.o ABSOLUTE
    ../clib/microlib/init/entry.s            0x00000000   Number         0  entry10a.o ABSOLUTE
    ../clib/microlib/init/entry.s            0x00000000   Number         0  entry10b.o ABSOLUTE
    ../clib/microlib/init/entry.s            0x00000000   Number         0  entry11a.o ABSOLUTE
    ../clib/microlib/init/entry.s            0x00000000   Number         0  entry11b.o ABSOLUTE
    ../clib/microlib/init/entry.s            0x00000000   Number         0  entry2.o ABSOLUTE
    ../clib/microlib/init/entry.s            0x00000000   Number         0  entry8a.o ABSOLUTE
    ../clib/microlib/longlong.c              0x00000000   Number         0  llsshr.o ABSOLUTE
    ../clib/microlib/longlong.c              0x00000000   Number         0  llshl.o ABSOLUTE
    ../clib/microlib/longlong.c              0x00000000   Number         0  llushr.o ABSOLUTE
    ../clib/microlib/printf/printf.c         0x00000000   Number         0  printf3.o ABSOLUTE
    ../clib/microlib/printf/printf.c         0x00000000   Number         0  printf4.o ABSOLUTE
    ../clib/microlib/printf/printf.c         0x00000000   Number         0  printf5.o ABSOLUTE
    ../clib/microlib/printf/printf.c         0x00000000   Number         0  printf6.o ABSOLUTE
    ../clib/microlib/printf/printf.c         0x00000000   Number         0  printf7.o ABSOLUTE
    ../clib/microlib/printf/printf.c         0x00000000   Number         0  printfb.o ABSOLUTE
    ../clib/microlib/printf/printf.c         0x00000000   Number         0  printf0.o ABSOLUTE
    ../clib/microlib/printf/printf.c         0x00000000   Number         0  printf8.o ABSOLUTE
    ../clib/microlib/printf/printf.c         0x00000000   Number         0  printfa.o ABSOLUTE
    ../clib/microlib/printf/printf.c         0x00000000   Number         0  printf1.o ABSOLUTE
    ../clib/microlib/printf/printf.c         0x00000000   Number         0  printf2.o ABSOLUTE
    ../clib/microlib/printf/stubs.s          0x00000000   Number         0  stubs.o ABSOLUTE
    ../clib/microlib/stdio/streams.c         0x00000000   Number         0  stdout.o ABSOLUTE
    ../clib/microlib/string/memset.c         0x00000000   Number         0  memseta.o ABSOLUTE
    ../clib/microlib/string/strcmp.c         0x00000000   Number         0  strcmp.o ABSOLUTE
    ../clib/microlib/string/strlen.c         0x00000000   Number         0  strlen.o ABSOLUTE
    ../clib/microlib/string/strncmp.c        0x00000000   Number         0  strncmp.o ABSOLUTE
    ../clib/microlib/string/strncpy.c        0x00000000   Number         0  strncpy.o ABSOLUTE
    ../clib/microlib/string/strtok.c         0x00000000   Number         0  strtok_r.o ABSOLUTE
    ../clib/microlib/string/strtok.c         0x00000000   Number         0  strtok.o ABSOLUTE
    ../clib/microlib/stubs.s                 0x00000000   Number         0  iusefp.o ABSOLUTE
    ../clib/scanf.c                          0x00000000   Number         0  _strtoul.o ABSOLUTE
    ../clib/scanf.c                          0x00000000   Number         0  atoi.o ABSOLUTE
    ../clib/scanf.c                          0x00000000   Number         0  _chval.o ABSOLUTE
    ../clib/scanf.c                          0x00000000   Number         0  scanf_fp.o ABSOLUTE
    ../clib/scanf.c                          0x00000000   Number         0  _sgetc.o ABSOLUTE
    ../clib/scanf.c                          0x00000000   Number         0  strtod.o ABSOLUTE
    ../clib/scanf.c                          0x00000000   Number         0  strtol.o ABSOLUTE
    ../fplib/microlib/d2f.c                  0x00000000   Number         0  d2f.o ABSOLUTE
    ../fplib/microlib/fpadd.c                0x00000000   Number         0  dadd.o ABSOLUTE
    ../fplib/microlib/fpdiv.c                0x00000000   Number         0  ddiv.o ABSOLUTE
    ../fplib/microlib/fpepilogue.c           0x00000000   Number         0  depilogue.o ABSOLUTE
    ../fplib/microlib/fpepilogue.c           0x00000000   Number         0  fepilogue.o ABSOLUTE
    ../fplib/microlib/fpfix.c                0x00000000   Number         0  dfixui.o ABSOLUTE
    ../fplib/microlib/fpfix.c                0x00000000   Number         0  dfixi.o ABSOLUTE
    ../fplib/microlib/fpfix.c                0x00000000   Number         0  dfixul.o ABSOLUTE
    ../fplib/microlib/fpflt.c                0x00000000   Number         0  dfltul.o ABSOLUTE
    ../fplib/microlib/fpflt.c                0x00000000   Number         0  dflti.o ABSOLUTE
    ../fplib/microlib/fpflt.c                0x00000000   Number         0  dfltui.o ABSOLUTE
    ../fplib/microlib/fpmul.c                0x00000000   Number         0  dmul.o ABSOLUTE
    ../mathlib/strtod.c                      0x00000000   Number         0  strtod.o ABSOLUTE
    ..\Libraries\CMSIS\core_cm3.c            0x00000000   Number         0  core_cm3.o ABSOLUTE
    ..\Libraries\CMSIS\startup\startup_stm32f10x_hd.s 0x00000000   Number         0  startup_stm32f10x_hd.o ABSOLUTE
    ..\Libraries\CMSIS\system_stm32f10x.c    0x00000000   Number         0  system_stm32f10x.o ABSOLUTE
    ..\Libraries\STM32F10x_StdPeriph_Driver\src\misc.c 0x00000000   Number         0  misc.o ABSOLUTE
    ..\Libraries\STM32F10x_StdPeriph_Driver\src\stm32f10x_adc.c 0x00000000   Number         0  stm32f10x_adc.o ABSOLUTE
    ..\Libraries\STM32F10x_StdPeriph_Driver\src\stm32f10x_bkp.c 0x00000000   Number         0  stm32f10x_bkp.o ABSOLUTE
    ..\Libraries\STM32F10x_StdPeriph_Driver\src\stm32f10x_can.c 0x00000000   Number         0  stm32f10x_can.o ABSOLUTE
    ..\Libraries\STM32F10x_StdPeriph_Driver\src\stm32f10x_cec.c 0x00000000   Number         0  stm32f10x_cec.o ABSOLUTE
    ..\Libraries\STM32F10x_StdPeriph_Driver\src\stm32f10x_crc.c 0x00000000   Number         0  stm32f10x_crc.o ABSOLUTE
    ..\Libraries\STM32F10x_StdPeriph_Driver\src\stm32f10x_dac.c 0x00000000   Number         0  stm32f10x_dac.o ABSOLUTE
    ..\Libraries\STM32F10x_StdPeriph_Driver\src\stm32f10x_dbgmcu.c 0x00000000   Number         0  stm32f10x_dbgmcu.o ABSOLUTE
    ..\Libraries\STM32F10x_StdPeriph_Driver\src\stm32f10x_dma.c 0x00000000   Number         0  stm32f10x_dma.o ABSOLUTE
    ..\Libraries\STM32F10x_StdPeriph_Driver\src\stm32f10x_exti.c 0x00000000   Number         0  stm32f10x_exti.o ABSOLUTE
    ..\Libraries\STM32F10x_StdPeriph_Driver\src\stm32f10x_flash.c 0x00000000   Number         0  stm32f10x_flash.o ABSOLUTE
    ..\Libraries\STM32F10x_StdPeriph_Driver\src\stm32f10x_fsmc.c 0x00000000   Number         0  stm32f10x_fsmc.o ABSOLUTE
    ..\Libraries\STM32F10x_StdPeriph_Driver\src\stm32f10x_gpio.c 0x00000000   Number         0  stm32f10x_gpio.o ABSOLUTE
    ..\Libraries\STM32F10x_StdPeriph_Driver\src\stm32f10x_i2c.c 0x00000000   Number         0  stm32f10x_i2c.o ABSOLUTE
    ..\Libraries\STM32F10x_StdPeriph_Driver\src\stm32f10x_iwdg.c 0x00000000   Number         0  stm32f10x_iwdg.o ABSOLUTE
    ..\Libraries\STM32F10x_StdPeriph_Driver\src\stm32f10x_pwr.c 0x00000000   Number         0  stm32f10x_pwr.o ABSOLUTE
    ..\Libraries\STM32F10x_StdPeriph_Driver\src\stm32f10x_rcc.c 0x00000000   Number         0  stm32f10x_rcc.o ABSOLUTE
    ..\Libraries\STM32F10x_StdPeriph_Driver\src\stm32f10x_rtc.c 0x00000000   Number         0  stm32f10x_rtc.o ABSOLUTE
    ..\Libraries\STM32F10x_StdPeriph_Driver\src\stm32f10x_sdio.c 0x00000000   Number         0  stm32f10x_sdio.o ABSOLUTE
    ..\Libraries\STM32F10x_StdPeriph_Driver\src\stm32f10x_spi.c 0x00000000   Number         0  stm32f10x_spi.o ABSOLUTE
    ..\Libraries\STM32F10x_StdPeriph_Driver\src\stm32f10x_tim.c 0x00000000   Number         0  stm32f10x_tim.o ABSOLUTE
    ..\Libraries\STM32F10x_StdPeriph_Driver\src\stm32f10x_usart.c 0x00000000   Number         0  stm32f10x_usart.o ABSOLUTE
    ..\Libraries\STM32F10x_StdPeriph_Driver\src\stm32f10x_wwdg.c 0x00000000   Number         0  stm32f10x_wwdg.o ABSOLUTE
    ..\User\i2c\bsp_i2c_ee.c                 0x00000000   Number         0  bsp_i2c_ee.o ABSOLUTE
    ..\User\i2c\bsp_i2c_gpio.c               0x00000000   Number         0  bsp_i2c_gpio.o ABSOLUTE
    ..\User\main.c                           0x00000000   Number         0  main.o ABSOLUTE
    ..\User\pwm\bsp_pwm.c                    0x00000000   Number         0  bsp_pwm.o ABSOLUTE
    ..\User\stm32f10x_it.c                   0x00000000   Number         0  stm32f10x_it.o ABSOLUTE
    ..\User\uart\bsp_uart.c                  0x00000000   Number         0  bsp_uart.o ABSOLUTE
    ..\\Libraries\\CMSIS\\core_cm3.c         0x00000000   Number         0  core_cm3.o ABSOLUTE
    cdcmple.s                                0x00000000   Number         0  cdcmple.o ABSOLUTE
    cdrcmple.s                               0x00000000   Number         0  cdrcmple.o ABSOLUTE
    dc.s                                     0x00000000   Number         0  dc.o ABSOLUTE
    handlers.s                               0x00000000   Number         0  handlers.o ABSOLUTE
    init.s                                   0x00000000   Number         0  init.o ABSOLUTE
    RESET                                    0x08000000   Section      304  startup_stm32f10x_hd.o(RESET)
    .ARM.Collect$$$$00000000                 0x08000130   Section        0  entry.o(.ARM.Collect$$$$00000000)
    .ARM.Collect$$$$00000001                 0x08000130   Section        4  entry2.o(.ARM.Collect$$$$00000001)
    .ARM.Collect$$$$00000004                 0x08000134   Section        4  entry5.o(.ARM.Collect$$$$00000004)
    .ARM.Collect$$$$00000008                 0x08000138   Section        0  entry7b.o(.ARM.Collect$$$$00000008)
    .ARM.Collect$$$$0000000A                 0x08000138   Section        0  entry8b.o(.ARM.Collect$$$$0000000A)
    .ARM.Collect$$$$0000000B                 0x08000138   Section        8  entry9a.o(.ARM.Collect$$$$0000000B)
    .ARM.Collect$$$$0000000D                 0x08000140   Section        0  entry10a.o(.ARM.Collect$$$$0000000D)
    .ARM.Collect$$$$0000000F                 0x08000140   Section        0  entry11a.o(.ARM.Collect$$$$0000000F)
    .ARM.Collect$$$$00002712                 0x08000140   Section        4  entry2.o(.ARM.Collect$$$$00002712)
    __lit__00000000                          0x08000140   Data           4  entry2.o(.ARM.Collect$$$$00002712)
    .text                                    0x08000144   Section       36  startup_stm32f10x_hd.o(.text)
    .text                                    0x08000168   Section        0  system_stm32f10x.o(.text)
    SetSysClockTo72                          0x08000169   Thumb Code   214  system_stm32f10x.o(.text)
    SetSysClock                              0x0800023f   Thumb Code     8  system_stm32f10x.o(.text)
    .text                                    0x08000348   Section        0  misc.o(.text)
    .text                                    0x08000424   Section        0  stm32f10x_flash.o(.text)
    .text                                    0x080009e0   Section        0  stm32f10x_gpio.o(.text)
    .text                                    0x08000d3c   Section        0  stm32f10x_rcc.o(.text)
    .text                                    0x080010e0   Section        0  stm32f10x_tim.o(.text)
    TI4_Config                               0x08001587   Thumb Code   130  stm32f10x_tim.o(.text)
    TI3_Config                               0x0800161b   Thumb Code   122  stm32f10x_tim.o(.text)
    TI2_Config                               0x080016af   Thumb Code   130  stm32f10x_tim.o(.text)
    TI1_Config                               0x08001743   Thumb Code   108  stm32f10x_tim.o(.text)
    .text                                    0x08001efc   Section        0  stm32f10x_usart.o(.text)
    .text                                    0x08002304   Section        0  main.o(.text)
    .text                                    0x08004aac   Section        0  stm32f10x_it.o(.text)
    .text                                    0x08004aec   Section        0  bsp_uart.o(.text)
    .text                                    0x08004c90   Section        0  bsp_pwm.o(.text)
    .text                                    0x08004f48   Section        0  bsp_i2c_ee.o(.text)
    .text                                    0x080051dc   Section        0  bsp_i2c_gpio.o(.text)
    i2c_Delay                                0x08005235   Thumb Code    14  bsp_i2c_gpio.o(.text)
    .text                                    0x0800559c   Section        0  memseta.o(.text)
    .text                                    0x080055c0   Section        0  strncpy.o(.text)
    .text                                    0x080055d8   Section        0  strlen.o(.text)
    .text                                    0x080055e6   Section        0  strcmp.o(.text)
    .text                                    0x08005602   Section        0  strncmp.o(.text)
    .text                                    0x08005620   Section        0  strtok.o(.text)
    .text                                    0x08005664   Section        0  strtol.o(.text)
    .text                                    0x080056d4   Section        0  atoi.o(.text)
    .text                                    0x080056ee   Section        0  dmul.o(.text)
    .text                                    0x080057d2   Section        0  ddiv.o(.text)
    .text                                    0x080058b0   Section        0  dflti.o(.text)
    .text                                    0x080058d2   Section        0  dfltui.o(.text)
    .text                                    0x080058ec   Section        0  dfixi.o(.text)
    .text                                    0x0800592a   Section        0  dfixui.o(.text)
    .text                                    0x0800595c   Section       48  cdcmple.o(.text)
    .text                                    0x0800598c   Section       48  cdrcmple.o(.text)
    .text                                    0x080059bc   Section        0  uidiv.o(.text)
    .text                                    0x080059e8   Section        0  uldiv.o(.text)
    .text                                    0x08005a4a   Section        0  llushr.o(.text)
    .text                                    0x08005a6c   Section        0  ctype_o.o(.text)
    .text                                    0x08005a74   Section        0  isspace_o.o(.text)
    .text                                    0x08005a86   Section        0  _strtoul.o(.text)
    .text                                    0x08005b24   Section        0  strtod.o(.text)
    _local_sscanf                            0x08005b25   Thumb Code    54  strtod.o(.text)
    .text                                    0x08005bc0   Section        0  depilogue.o(.text)
    .text                                    0x08005bc0   Section        0  iusefp.o(.text)
    .text                                    0x08005c7a   Section        0  dadd.o(.text)
    .text                                    0x08005dc8   Section        0  dfixul.o(.text)
    .text                                    0x08005df8   Section       36  init.o(.text)
    .text                                    0x08005e1c   Section        0  llshl.o(.text)
    .text                                    0x08005e3a   Section        0  llsshr.o(.text)
    .text                                    0x08005e5e   Section        0  _chval.o(.text)
    .text                                    0x08005e7c   Section        0  scanf_fp.o(.text)
    _fp_value                                0x08005e7d   Thumb Code   256  scanf_fp.o(.text)
    .text                                    0x080061b4   Section        0  _sgetc.o(.text)
    .text                                    0x080061f4   Section        0  dfltul.o(.text)
    .text                                    0x0800620c   Section        0  d2f.o(.text)
    .text                                    0x08006244   Section        0  fepilogue.o(.text)
    .text                                    0x080062b2   Section        0  __dczerorl2.o(.text)
    i.__0printf                              0x08006308   Section        0  printfa.o(i.__0printf)
    i.__aeabi_errno_addr                     0x08006328   Section        0  errno.o(i.__aeabi_errno_addr)
    i.__scatterload_copy                     0x08006330   Section       14  handlers.o(i.__scatterload_copy)
    i.__scatterload_null                     0x0800633e   Section        2  handlers.o(i.__scatterload_null)
    i.__scatterload_zeroinit                 0x08006340   Section       14  handlers.o(i.__scatterload_zeroinit)
    i._fp_digits                             0x08006350   Section        0  printfa.o(i._fp_digits)
    _fp_digits                               0x08006351   Thumb Code   334  printfa.o(i._fp_digits)
    i._is_digit                              0x080064b4   Section        0  scanf_fp.o(i._is_digit)
    i._printf_core                           0x080064c4   Section        0  printfa.o(i._printf_core)
    _printf_core                             0x080064c5   Thumb Code  1744  printfa.o(i._printf_core)
    i._printf_post_padding                   0x08006ba0   Section        0  printfa.o(i._printf_post_padding)
    _printf_post_padding                     0x08006ba1   Thumb Code    36  printfa.o(i._printf_post_padding)
    i._printf_pre_padding                    0x08006bc4   Section        0  printfa.o(i._printf_pre_padding)
    _printf_pre_padding                      0x08006bc5   Thumb Code    46  printfa.o(i._printf_pre_padding)
    i.strtod                                 0x08006bf2   Section        0  strtod.o(i.strtod)
    .constdata                               0x08006c0e   Section      129  ctype_o.o(.constdata)
    .constdata                               0x08006c90   Section        4  ctype_o.o(.constdata)
    table                                    0x08006c90   Data           4  ctype_o.o(.constdata)
    .conststring                             0x08006c94   Section      103  main.o(.conststring)
    .data                                    0x20000000   Section       20  system_stm32f10x.o(.data)
    .data                                    0x20000014   Section       20  stm32f10x_rcc.o(.data)
    APBAHBPrescTable                         0x20000014   Data          16  stm32f10x_rcc.o(.data)
    ADCPrescTable                            0x20000024   Data           4  stm32f10x_rcc.o(.data)
    .data                                    0x20000028   Section     3620  main.o(.data)
    g_setting                                0x20000690   Data          28  main.o(.data)
    i2c1_init_table                          0x200006b4   Data          18  main.o(.data)
    i2c_init_table                           0x200006c6   Data          18  main.o(.data)
    config_info_tab                          0x20000b58   Data         756  main.o(.data)
    .data                                    0x20000e4c   Section        4  strtok.o(.data)
    state                                    0x20000e4c   Data           4  strtok.o(.data)
    .data                                    0x20000e50   Section        4  stdout.o(.data)
    .data                                    0x20000e54   Section        4  errno.o(.data)
    _errno                                   0x20000e54   Data           4  errno.o(.data)
    .bss                                     0x20000e58   Section      276  main.o(.bss)
    STACK                                    0x20000f70   Section     1024  startup_stm32f10x_hd.o(STACK)

    Global Symbols

    Symbol Name                              Value     Ov Type        Size  Object(Section)

    BuildAttributes$$THM_ISAv4$P$D$K$B$S$PE$A:L22UL41UL21$X:L11$S22US41US21$IEEE1$IW$USESV6$~STKCKD$USESV7$~SHL$OTIME$ROPI$IEEEJ$EBA8$MICROLIB$REQ8$PRES8$EABIv2 0x00000000   Number         0  anon$$obj.o ABSOLUTE
    __ARM_use_no_argv                        0x00000000   Number         0  main.o ABSOLUTE
    _printf_a                                0x00000000   Number         0  stubs.o ABSOLUTE
    _printf_c                                0x00000000   Number         0  stubs.o ABSOLUTE
    _printf_charcount                        0x00000000   Number         0  stubs.o ABSOLUTE
    _printf_d                                0x00000000   Number         0  stubs.o ABSOLUTE
    _printf_e                                0x00000000   Number         0  stubs.o ABSOLUTE
    _printf_f                                0x00000000   Number         0  stubs.o ABSOLUTE
    _printf_flags                            0x00000000   Number         0  stubs.o ABSOLUTE
    _printf_fp_dec                           0x00000000   Number         0  stubs.o ABSOLUTE
    _printf_fp_hex                           0x00000000   Number         0  stubs.o ABSOLUTE
    _printf_g                                0x00000000   Number         0  stubs.o ABSOLUTE
    _printf_i                                0x00000000   Number         0  stubs.o ABSOLUTE
    _printf_int_dec                          0x00000000   Number         0  stubs.o ABSOLUTE
    _printf_l                                0x00000000   Number         0  stubs.o ABSOLUTE
    _printf_lc                               0x00000000   Number         0  stubs.o ABSOLUTE
    _printf_ll                               0x00000000   Number         0  stubs.o ABSOLUTE
    _printf_lld                              0x00000000   Number         0  stubs.o ABSOLUTE
    _printf_lli                              0x00000000   Number         0  stubs.o ABSOLUTE
    _printf_llo                              0x00000000   Number         0  stubs.o ABSOLUTE
    _printf_llu                              0x00000000   Number         0  stubs.o ABSOLUTE
    _printf_llx                              0x00000000   Number         0  stubs.o ABSOLUTE
    _printf_longlong_dec                     0x00000000   Number         0  stubs.o ABSOLUTE
    _printf_longlong_hex                     0x00000000   Number         0  stubs.o ABSOLUTE
    _printf_longlong_oct                     0x00000000   Number         0  stubs.o ABSOLUTE
    _printf_ls                               0x00000000   Number         0  stubs.o ABSOLUTE
    _printf_mbtowc                           0x00000000   Number         0  stubs.o ABSOLUTE
    _printf_n                                0x00000000   Number         0  stubs.o ABSOLUTE
    _printf_o                                0x00000000   Number         0  stubs.o ABSOLUTE
    _printf_p                                0x00000000   Number         0  stubs.o ABSOLUTE
    _printf_percent                          0x00000000   Number         0  stubs.o ABSOLUTE
    _printf_pre_padding                      0x00000000   Number         0  stubs.o ABSOLUTE
    _printf_return_value                     0x00000000   Number         0  stubs.o ABSOLUTE
    _printf_s                                0x00000000   Number         0  stubs.o ABSOLUTE
    _printf_sizespec                         0x00000000   Number         0  stubs.o ABSOLUTE
    _printf_str                              0x00000000   Number         0  stubs.o ABSOLUTE
    _printf_truncate_signed                  0x00000000   Number         0  stubs.o ABSOLUTE
    _printf_truncate_unsigned                0x00000000   Number         0  stubs.o ABSOLUTE
    _printf_u                                0x00000000   Number         0  stubs.o ABSOLUTE
    _printf_wc                               0x00000000   Number         0  stubs.o ABSOLUTE
    _printf_wctomb                           0x00000000   Number         0  stubs.o ABSOLUTE
    _printf_widthprec                        0x00000000   Number         0  stubs.o ABSOLUTE
    _printf_x                                0x00000000   Number         0  stubs.o ABSOLUTE
    __cpp_initialize__aeabi_                  - Undefined Weak Reference
    __cxa_finalize                            - Undefined Weak Reference
    _clock_init                               - Undefined Weak Reference
    _microlib_exit                            - Undefined Weak Reference
    __Vectors_Size                           0x00000130   Number         0  startup_stm32f10x_hd.o ABSOLUTE
    __Vectors                                0x08000000   Data           4  startup_stm32f10x_hd.o(RESET)
    __Vectors_End                            0x08000130   Data           0  startup_stm32f10x_hd.o(RESET)
    __main                                   0x08000131   Thumb Code     0  entry.o(.ARM.Collect$$$$00000000)
    _main_stk                                0x08000131   Thumb Code     0  entry2.o(.ARM.Collect$$$$00000001)
    _main_scatterload                        0x08000135   Thumb Code     0  entry5.o(.ARM.Collect$$$$00000004)
    __main_after_scatterload                 0x08000139   Thumb Code     0  entry5.o(.ARM.Collect$$$$00000004)
    _main_clock                              0x08000139   Thumb Code     0  entry7b.o(.ARM.Collect$$$$00000008)
    _main_cpp_init                           0x08000139   Thumb Code     0  entry8b.o(.ARM.Collect$$$$0000000A)
    _main_init                               0x08000139   Thumb Code     0  entry9a.o(.ARM.Collect$$$$0000000B)
    __rt_final_cpp                           0x08000141   Thumb Code     0  entry10a.o(.ARM.Collect$$$$0000000D)
    __rt_final_exit                          0x08000141   Thumb Code     0  entry11a.o(.ARM.Collect$$$$0000000F)
    Reset_Handler                            0x08000145   Thumb Code     8  startup_stm32f10x_hd.o(.text)
    ADC1_2_IRQHandler                        0x0800015f   Thumb Code     0  startup_stm32f10x_hd.o(.text)
    ADC3_IRQHandler                          0x0800015f   Thumb Code     0  startup_stm32f10x_hd.o(.text)
    CAN1_RX1_IRQHandler                      0x0800015f   Thumb Code     0  startup_stm32f10x_hd.o(.text)
    CAN1_SCE_IRQHandler                      0x0800015f   Thumb Code     0  startup_stm32f10x_hd.o(.text)
    DMA1_Channel1_IRQHandler                 0x0800015f   Thumb Code     0  startup_stm32f10x_hd.o(.text)
    DMA1_Channel2_IRQHandler                 0x0800015f   Thumb Code     0  startup_stm32f10x_hd.o(.text)
    DMA1_Channel3_IRQHandler                 0x0800015f   Thumb Code     0  startup_stm32f10x_hd.o(.text)
    DMA1_Channel4_IRQHandler                 0x0800015f   Thumb Code     0  startup_stm32f10x_hd.o(.text)
    DMA1_Channel5_IRQHandler                 0x0800015f   Thumb Code     0  startup_stm32f10x_hd.o(.text)
    DMA1_Channel6_IRQHandler                 0x0800015f   Thumb Code     0  startup_stm32f10x_hd.o(.text)
    DMA1_Channel7_IRQHandler                 0x0800015f   Thumb Code     0  startup_stm32f10x_hd.o(.text)
    DMA2_Channel1_IRQHandler                 0x0800015f   Thumb Code     0  startup_stm32f10x_hd.o(.text)
    DMA2_Channel2_IRQHandler                 0x0800015f   Thumb Code     0  startup_stm32f10x_hd.o(.text)
    DMA2_Channel3_IRQHandler                 0x0800015f   Thumb Code     0  startup_stm32f10x_hd.o(.text)
    DMA2_Channel4_5_IRQHandler               0x0800015f   Thumb Code     0  startup_stm32f10x_hd.o(.text)
    EXTI0_IRQHandler                         0x0800015f   Thumb Code     0  startup_stm32f10x_hd.o(.text)
    EXTI15_10_IRQHandler                     0x0800015f   Thumb Code     0  startup_stm32f10x_hd.o(.text)
    EXTI1_IRQHandler                         0x0800015f   Thumb Code     0  startup_stm32f10x_hd.o(.text)
    EXTI2_IRQHandler                         0x0800015f   Thumb Code     0  startup_stm32f10x_hd.o(.text)
    EXTI3_IRQHandler                         0x0800015f   Thumb Code     0  startup_stm32f10x_hd.o(.text)
    EXTI4_IRQHandler                         0x0800015f   Thumb Code     0  startup_stm32f10x_hd.o(.text)
    EXTI9_5_IRQHandler                       0x0800015f   Thumb Code     0  startup_stm32f10x_hd.o(.text)
    FLASH_IRQHandler                         0x0800015f   Thumb Code     0  startup_stm32f10x_hd.o(.text)
    FSMC_IRQHandler                          0x0800015f   Thumb Code     0  startup_stm32f10x_hd.o(.text)
    I2C1_ER_IRQHandler                       0x0800015f   Thumb Code     0  startup_stm32f10x_hd.o(.text)
    I2C1_EV_IRQHandler                       0x0800015f   Thumb Code     0  startup_stm32f10x_hd.o(.text)
    I2C2_ER_IRQHandler                       0x0800015f   Thumb Code     0  startup_stm32f10x_hd.o(.text)
    I2C2_EV_IRQHandler                       0x0800015f   Thumb Code     0  startup_stm32f10x_hd.o(.text)
    PVD_IRQHandler                           0x0800015f   Thumb Code     0  startup_stm32f10x_hd.o(.text)
    RCC_IRQHandler                           0x0800015f   Thumb Code     0  startup_stm32f10x_hd.o(.text)
    RTCAlarm_IRQHandler                      0x0800015f   Thumb Code     0  startup_stm32f10x_hd.o(.text)
    RTC_IRQHandler                           0x0800015f   Thumb Code     0  startup_stm32f10x_hd.o(.text)
    SDIO_IRQHandler                          0x0800015f   Thumb Code     0  startup_stm32f10x_hd.o(.text)
    SPI1_IRQHandler                          0x0800015f   Thumb Code     0  startup_stm32f10x_hd.o(.text)
    SPI2_IRQHandler                          0x0800015f   Thumb Code     0  startup_stm32f10x_hd.o(.text)
    SPI3_IRQHandler                          0x0800015f   Thumb Code     0  startup_stm32f10x_hd.o(.text)
    TAMPER_IRQHandler                        0x0800015f   Thumb Code     0  startup_stm32f10x_hd.o(.text)
    TIM1_BRK_IRQHandler                      0x0800015f   Thumb Code     0  startup_stm32f10x_hd.o(.text)
    TIM1_CC_IRQHandler                       0x0800015f   Thumb Code     0  startup_stm32f10x_hd.o(.text)
    TIM1_TRG_COM_IRQHandler                  0x0800015f   Thumb Code     0  startup_stm32f10x_hd.o(.text)
    TIM1_UP_IRQHandler                       0x0800015f   Thumb Code     0  startup_stm32f10x_hd.o(.text)
    TIM2_IRQHandler                          0x0800015f   Thumb Code     0  startup_stm32f10x_hd.o(.text)
    TIM3_IRQHandler                          0x0800015f   Thumb Code     0  startup_stm32f10x_hd.o(.text)
    TIM4_IRQHandler                          0x0800015f   Thumb Code     0  startup_stm32f10x_hd.o(.text)
    TIM5_IRQHandler                          0x0800015f   Thumb Code     0  startup_stm32f10x_hd.o(.text)
    TIM6_IRQHandler                          0x0800015f   Thumb Code     0  startup_stm32f10x_hd.o(.text)
    TIM7_IRQHandler                          0x0800015f   Thumb Code     0  startup_stm32f10x_hd.o(.text)
    TIM8_BRK_IRQHandler                      0x0800015f   Thumb Code     0  startup_stm32f10x_hd.o(.text)
    TIM8_CC_IRQHandler                       0x0800015f   Thumb Code     0  startup_stm32f10x_hd.o(.text)
    TIM8_TRG_COM_IRQHandler                  0x0800015f   Thumb Code     0  startup_stm32f10x_hd.o(.text)
    TIM8_UP_IRQHandler                       0x0800015f   Thumb Code     0  startup_stm32f10x_hd.o(.text)
    UART4_IRQHandler                         0x0800015f   Thumb Code     0  startup_stm32f10x_hd.o(.text)
    UART5_IRQHandler                         0x0800015f   Thumb Code     0  startup_stm32f10x_hd.o(.text)
    USART2_IRQHandler                        0x0800015f   Thumb Code     0  startup_stm32f10x_hd.o(.text)
    USART3_IRQHandler                        0x0800015f   Thumb Code     0  startup_stm32f10x_hd.o(.text)
    USBWakeUp_IRQHandler                     0x0800015f   Thumb Code     0  startup_stm32f10x_hd.o(.text)
    USB_HP_CAN1_TX_IRQHandler                0x0800015f   Thumb Code     0  startup_stm32f10x_hd.o(.text)
    USB_LP_CAN1_RX0_IRQHandler               0x0800015f   Thumb Code     0  startup_stm32f10x_hd.o(.text)
    WWDG_IRQHandler                          0x0800015f   Thumb Code     0  startup_stm32f10x_hd.o(.text)
    SystemInit                               0x08000247   Thumb Code    78  system_stm32f10x.o(.text)
    SystemCoreClockUpdate                    0x08000295   Thumb Code   142  system_stm32f10x.o(.text)
    NVIC_PriorityGroupConfig                 0x08000349   Thumb Code    10  misc.o(.text)
    NVIC_Init                                0x08000353   Thumb Code   100  misc.o(.text)
    NVIC_SetVectorTable                      0x080003b7   Thumb Code    14  misc.o(.text)
    NVIC_SystemLPConfig                      0x080003c5   Thumb Code    34  misc.o(.text)
    SysTick_CLKSourceConfig                  0x080003e7   Thumb Code    40  misc.o(.text)
    FLASH_SetLatency                         0x08000425   Thumb Code    18  stm32f10x_flash.o(.text)
    FLASH_HalfCycleAccessCmd                 0x08000437   Thumb Code    22  stm32f10x_flash.o(.text)
    FLASH_PrefetchBufferCmd                  0x0800044d   Thumb Code    22  stm32f10x_flash.o(.text)
    FLASH_Unlock                             0x08000463   Thumb Code    12  stm32f10x_flash.o(.text)
    FLASH_UnlockBank1                        0x0800046f   Thumb Code    12  stm32f10x_flash.o(.text)
    FLASH_Lock                               0x0800047b   Thumb Code    14  stm32f10x_flash.o(.text)
    FLASH_LockBank1                          0x08000489   Thumb Code    14  stm32f10x_flash.o(.text)
    FLASH_GetBank1Status                     0x08000497   Thumb Code    48  stm32f10x_flash.o(.text)
    FLASH_WaitForLastOperation               0x080004c7   Thumb Code    38  stm32f10x_flash.o(.text)
    FLASH_ErasePage                          0x080004ed   Thumb Code    72  stm32f10x_flash.o(.text)
    FLASH_EraseAllPages                      0x08000535   Thumb Code    68  stm32f10x_flash.o(.text)
    FLASH_WaitForLastBank1Operation          0x08000579   Thumb Code    38  stm32f10x_flash.o(.text)
    FLASH_EraseAllBank1Pages                 0x0800059f   Thumb Code    68  stm32f10x_flash.o(.text)
    FLASH_GetReadOutProtectionStatus         0x080005e3   Thumb Code    20  stm32f10x_flash.o(.text)
    FLASH_EraseOptionBytes                   0x080005f7   Thumb Code   150  stm32f10x_flash.o(.text)
    FLASH_ProgramWord                        0x0800068d   Thumb Code   102  stm32f10x_flash.o(.text)
    FLASH_ProgramHalfWord                    0x080006f3   Thumb Code    60  stm32f10x_flash.o(.text)
    FLASH_ProgramOptionByteData              0x0800072f   Thumb Code    72  stm32f10x_flash.o(.text)
    FLASH_EnableWriteProtection              0x08000777   Thumb Code   200  stm32f10x_flash.o(.text)
    FLASH_ReadOutProtection                  0x0800083f   Thumb Code   156  stm32f10x_flash.o(.text)
    FLASH_UserOptionByteConfig               0x080008db   Thumb Code    88  stm32f10x_flash.o(.text)
    FLASH_GetUserOptionByte                  0x08000933   Thumb Code     8  stm32f10x_flash.o(.text)
    FLASH_GetWriteProtectionOptionByte       0x0800093b   Thumb Code     6  stm32f10x_flash.o(.text)
    FLASH_GetPrefetchBufferStatus            0x08000941   Thumb Code    20  stm32f10x_flash.o(.text)
    FLASH_ITConfig                           0x08000955   Thumb Code    26  stm32f10x_flash.o(.text)
    FLASH_GetFlagStatus                      0x0800096f   Thumb Code    42  stm32f10x_flash.o(.text)
    FLASH_ClearFlag                          0x08000999   Thumb Code     6  stm32f10x_flash.o(.text)
    FLASH_GetStatus                          0x0800099f   Thumb Code    48  stm32f10x_flash.o(.text)
    GPIO_DeInit                              0x080009e1   Thumb Code   172  stm32f10x_gpio.o(.text)
    GPIO_AFIODeInit                          0x08000a8d   Thumb Code    20  stm32f10x_gpio.o(.text)
    GPIO_Init                                0x08000aa1   Thumb Code   278  stm32f10x_gpio.o(.text)
    GPIO_StructInit                          0x08000bb7   Thumb Code    16  stm32f10x_gpio.o(.text)
    GPIO_ReadInputDataBit                    0x08000bc7   Thumb Code    18  stm32f10x_gpio.o(.text)
    GPIO_ReadInputData                       0x08000bd9   Thumb Code     8  stm32f10x_gpio.o(.text)
    GPIO_ReadOutputDataBit                   0x08000be1   Thumb Code    18  stm32f10x_gpio.o(.text)
    GPIO_ReadOutputData                      0x08000bf3   Thumb Code     8  stm32f10x_gpio.o(.text)
    GPIO_SetBits                             0x08000bfb   Thumb Code     4  stm32f10x_gpio.o(.text)
    GPIO_ResetBits                           0x08000bff   Thumb Code     4  stm32f10x_gpio.o(.text)
    GPIO_WriteBit                            0x08000c03   Thumb Code    10  stm32f10x_gpio.o(.text)
    GPIO_Write                               0x08000c0d   Thumb Code     4  stm32f10x_gpio.o(.text)
    GPIO_PinLockConfig                       0x08000c11   Thumb Code    18  stm32f10x_gpio.o(.text)
    GPIO_EventOutputConfig                   0x08000c23   Thumb Code    26  stm32f10x_gpio.o(.text)
    GPIO_EventOutputCmd                      0x08000c3d   Thumb Code     6  stm32f10x_gpio.o(.text)
    GPIO_PinRemapConfig                      0x08000c43   Thumb Code   138  stm32f10x_gpio.o(.text)
    GPIO_EXTILineConfig                      0x08000ccd   Thumb Code    66  stm32f10x_gpio.o(.text)
    GPIO_ETH_MediaInterfaceConfig            0x08000d0f   Thumb Code     8  stm32f10x_gpio.o(.text)
    RCC_DeInit                               0x08000d3d   Thumb Code    64  stm32f10x_rcc.o(.text)
    RCC_HSEConfig                            0x08000d7d   Thumb Code    70  stm32f10x_rcc.o(.text)
    RCC_GetFlagStatus                        0x08000dc3   Thumb Code    56  stm32f10x_rcc.o(.text)
    RCC_WaitForHSEStartUp                    0x08000dfb   Thumb Code    56  stm32f10x_rcc.o(.text)
    RCC_AdjustHSICalibrationValue            0x08000e33   Thumb Code    20  stm32f10x_rcc.o(.text)
    RCC_HSICmd                               0x08000e47   Thumb Code     6  stm32f10x_rcc.o(.text)
    RCC_PLLConfig                            0x08000e4d   Thumb Code    24  stm32f10x_rcc.o(.text)
    RCC_PLLCmd                               0x08000e65   Thumb Code     6  stm32f10x_rcc.o(.text)
    RCC_SYSCLKConfig                         0x08000e6b   Thumb Code    18  stm32f10x_rcc.o(.text)
    RCC_GetSYSCLKSource                      0x08000e7d   Thumb Code    10  stm32f10x_rcc.o(.text)
    RCC_HCLKConfig                           0x08000e87   Thumb Code    18  stm32f10x_rcc.o(.text)
    RCC_PCLK1Config                          0x08000e99   Thumb Code    18  stm32f10x_rcc.o(.text)
    RCC_PCLK2Config                          0x08000eab   Thumb Code    20  stm32f10x_rcc.o(.text)
    RCC_ITConfig                             0x08000ebf   Thumb Code    26  stm32f10x_rcc.o(.text)
    RCC_USBCLKConfig                         0x08000ed9   Thumb Code     8  stm32f10x_rcc.o(.text)
    RCC_ADCCLKConfig                         0x08000ee1   Thumb Code    18  stm32f10x_rcc.o(.text)
    RCC_LSEConfig                            0x08000ef3   Thumb Code    50  stm32f10x_rcc.o(.text)
    RCC_LSICmd                               0x08000f25   Thumb Code     6  stm32f10x_rcc.o(.text)
    RCC_RTCCLKConfig                         0x08000f2b   Thumb Code    12  stm32f10x_rcc.o(.text)
    RCC_RTCCLKCmd                            0x08000f37   Thumb Code     8  stm32f10x_rcc.o(.text)
    RCC_GetClocksFreq                        0x08000f3f   Thumb Code   192  stm32f10x_rcc.o(.text)
    RCC_AHBPeriphClockCmd                    0x08000fff   Thumb Code    26  stm32f10x_rcc.o(.text)
    RCC_APB2PeriphClockCmd                   0x08001019   Thumb Code    26  stm32f10x_rcc.o(.text)
    RCC_APB1PeriphClockCmd                   0x08001033   Thumb Code    26  stm32f10x_rcc.o(.text)
    RCC_APB2PeriphResetCmd                   0x0800104d   Thumb Code    26  stm32f10x_rcc.o(.text)
    RCC_APB1PeriphResetCmd                   0x08001067   Thumb Code    26  stm32f10x_rcc.o(.text)
    RCC_BackupResetCmd                       0x08001081   Thumb Code     8  stm32f10x_rcc.o(.text)
    RCC_ClockSecuritySystemCmd               0x08001089   Thumb Code     6  stm32f10x_rcc.o(.text)
    RCC_MCOConfig                            0x0800108f   Thumb Code     6  stm32f10x_rcc.o(.text)
    RCC_ClearFlag                            0x08001095   Thumb Code    14  stm32f10x_rcc.o(.text)
    RCC_GetITStatus                          0x080010a3   Thumb Code    20  stm32f10x_rcc.o(.text)
    RCC_ClearITPendingBit                    0x080010b7   Thumb Code     6  stm32f10x_rcc.o(.text)
    TIM_DeInit                               0x080010e1   Thumb Code   424  stm32f10x_tim.o(.text)
    TIM_TimeBaseInit                         0x08001289   Thumb Code   122  stm32f10x_tim.o(.text)
    TIM_OC1Init                              0x08001303   Thumb Code   132  stm32f10x_tim.o(.text)
    TIM_OC2Init                              0x08001387   Thumb Code   154  stm32f10x_tim.o(.text)
    TIM_OC3Init                              0x08001421   Thumb Code   150  stm32f10x_tim.o(.text)
    TIM_OC4Init                              0x080014b7   Thumb Code   182  stm32f10x_tim.o(.text)
    TIM_SetIC4Prescaler                      0x0800156d   Thumb Code    26  stm32f10x_tim.o(.text)
    TIM_SetIC3Prescaler                      0x08001609   Thumb Code    18  stm32f10x_tim.o(.text)
    TIM_SetIC2Prescaler                      0x08001695   Thumb Code    26  stm32f10x_tim.o(.text)
    TIM_SetIC1Prescaler                      0x08001731   Thumb Code    18  stm32f10x_tim.o(.text)
    TIM_ICInit                               0x080017af   Thumb Code   150  stm32f10x_tim.o(.text)
    TIM_PWMIConfig                           0x08001845   Thumb Code   124  stm32f10x_tim.o(.text)
    TIM_BDTRConfig                           0x080018c1   Thumb Code    32  stm32f10x_tim.o(.text)
    TIM_TimeBaseStructInit                   0x080018e1   Thumb Code    18  stm32f10x_tim.o(.text)
    TIM_OCStructInit                         0x080018f3   Thumb Code    20  stm32f10x_tim.o(.text)
    TIM_ICStructInit                         0x08001907   Thumb Code    18  stm32f10x_tim.o(.text)
    TIM_BDTRStructInit                       0x08001919   Thumb Code    40  stm32f10x_tim.o(.text)
    TIM_Cmd                                  0x08001941   Thumb Code    24  stm32f10x_tim.o(.text)
    TIM_CtrlPWMOutputs                       0x08001959   Thumb Code    30  stm32f10x_tim.o(.text)
    TIM_ITConfig                             0x08001977   Thumb Code    18  stm32f10x_tim.o(.text)
    TIM_GenerateEvent                        0x08001989   Thumb Code     4  stm32f10x_tim.o(.text)
    TIM_DMAConfig                            0x0800198d   Thumb Code    10  stm32f10x_tim.o(.text)
    TIM_DMACmd                               0x08001997   Thumb Code    18  stm32f10x_tim.o(.text)
    TIM_InternalClockConfig                  0x080019a9   Thumb Code    12  stm32f10x_tim.o(.text)
    TIM_SelectInputTrigger                   0x080019b5   Thumb Code    18  stm32f10x_tim.o(.text)
    TIM_ITRxExternalClockConfig              0x080019c7   Thumb Code    24  stm32f10x_tim.o(.text)
    TIM_TIxExternalClockConfig               0x080019df   Thumb Code    62  stm32f10x_tim.o(.text)
    TIM_ETRConfig                            0x08001a1d   Thumb Code    28  stm32f10x_tim.o(.text)
    TIM_ETRClockMode1Config                  0x08001a39   Thumb Code    54  stm32f10x_tim.o(.text)
    TIM_ETRClockMode2Config                  0x08001a6f   Thumb Code    32  stm32f10x_tim.o(.text)
    TIM_PrescalerConfig                      0x08001a8f   Thumb Code     6  stm32f10x_tim.o(.text)
    TIM_CounterModeConfig                    0x08001a95   Thumb Code    18  stm32f10x_tim.o(.text)
    TIM_EncoderInterfaceConfig               0x08001aa7   Thumb Code    66  stm32f10x_tim.o(.text)
    TIM_ForcedOC1Config                      0x08001ae9   Thumb Code    18  stm32f10x_tim.o(.text)
    TIM_ForcedOC2Config                      0x08001afb   Thumb Code    26  stm32f10x_tim.o(.text)
    TIM_ForcedOC3Config                      0x08001b15   Thumb Code    18  stm32f10x_tim.o(.text)
    TIM_ForcedOC4Config                      0x08001b27   Thumb Code    26  stm32f10x_tim.o(.text)
    TIM_ARRPreloadConfig                     0x08001b41   Thumb Code    24  stm32f10x_tim.o(.text)
    TIM_SelectCOM                            0x08001b59   Thumb Code    24  stm32f10x_tim.o(.text)
    TIM_SelectCCDMA                          0x08001b71   Thumb Code    24  stm32f10x_tim.o(.text)
    TIM_CCPreloadControl                     0x08001b89   Thumb Code    24  stm32f10x_tim.o(.text)
    TIM_OC1PreloadConfig                     0x08001ba1   Thumb Code    18  stm32f10x_tim.o(.text)
    TIM_OC2PreloadConfig                     0x08001bb3   Thumb Code    26  stm32f10x_tim.o(.text)
    TIM_OC3PreloadConfig                     0x08001bcd   Thumb Code    18  stm32f10x_tim.o(.text)
    TIM_OC4PreloadConfig                     0x08001bdf   Thumb Code    26  stm32f10x_tim.o(.text)
    TIM_OC1FastConfig                        0x08001bf9   Thumb Code    18  stm32f10x_tim.o(.text)
    TIM_OC2FastConfig                        0x08001c0b   Thumb Code    26  stm32f10x_tim.o(.text)
    TIM_OC3FastConfig                        0x08001c25   Thumb Code    18  stm32f10x_tim.o(.text)
    TIM_OC4FastConfig                        0x08001c37   Thumb Code    26  stm32f10x_tim.o(.text)
    TIM_ClearOC1Ref                          0x08001c51   Thumb Code    18  stm32f10x_tim.o(.text)
    TIM_ClearOC2Ref                          0x08001c63   Thumb Code    24  stm32f10x_tim.o(.text)
    TIM_ClearOC3Ref                          0x08001c7b   Thumb Code    18  stm32f10x_tim.o(.text)
    TIM_ClearOC4Ref                          0x08001c8d   Thumb Code    24  stm32f10x_tim.o(.text)
    TIM_OC1PolarityConfig                    0x08001ca5   Thumb Code    18  stm32f10x_tim.o(.text)
    TIM_OC1NPolarityConfig                   0x08001cb7   Thumb Code    18  stm32f10x_tim.o(.text)
    TIM_OC2PolarityConfig                    0x08001cc9   Thumb Code    26  stm32f10x_tim.o(.text)
    TIM_OC2NPolarityConfig                   0x08001ce3   Thumb Code    26  stm32f10x_tim.o(.text)
    TIM_OC3PolarityConfig                    0x08001cfd   Thumb Code    26  stm32f10x_tim.o(.text)
    TIM_OC3NPolarityConfig                   0x08001d17   Thumb Code    26  stm32f10x_tim.o(.text)
    TIM_OC4PolarityConfig                    0x08001d31   Thumb Code    26  stm32f10x_tim.o(.text)
    TIM_CCxCmd                               0x08001d4b   Thumb Code    30  stm32f10x_tim.o(.text)
    TIM_CCxNCmd                              0x08001d69   Thumb Code    30  stm32f10x_tim.o(.text)
    TIM_SelectOCxM                           0x08001d87   Thumb Code    82  stm32f10x_tim.o(.text)
    TIM_UpdateDisableConfig                  0x08001dd9   Thumb Code    24  stm32f10x_tim.o(.text)
    TIM_UpdateRequestConfig                  0x08001df1   Thumb Code    24  stm32f10x_tim.o(.text)
    TIM_SelectHallSensor                     0x08001e09   Thumb Code    24  stm32f10x_tim.o(.text)
    TIM_SelectOnePulseMode                   0x08001e21   Thumb Code    18  stm32f10x_tim.o(.text)
    TIM_SelectOutputTrigger                  0x08001e33   Thumb Code    18  stm32f10x_tim.o(.text)
    TIM_SelectSlaveMode                      0x08001e45   Thumb Code    18  stm32f10x_tim.o(.text)
    TIM_SelectMasterSlaveMode                0x08001e57   Thumb Code    18  stm32f10x_tim.o(.text)
    TIM_SetCounter                           0x08001e69   Thumb Code     4  stm32f10x_tim.o(.text)
    TIM_SetAutoreload                        0x08001e6d   Thumb Code     4  stm32f10x_tim.o(.text)
    TIM_SetCompare1                          0x08001e71   Thumb Code     4  stm32f10x_tim.o(.text)
    TIM_SetCompare2                          0x08001e75   Thumb Code     4  stm32f10x_tim.o(.text)
    TIM_SetCompare3                          0x08001e79   Thumb Code     4  stm32f10x_tim.o(.text)
    TIM_SetCompare4                          0x08001e7d   Thumb Code     6  stm32f10x_tim.o(.text)
    TIM_SetClockDivision                     0x08001e83   Thumb Code    18  stm32f10x_tim.o(.text)
    TIM_GetCapture1                          0x08001e95   Thumb Code     6  stm32f10x_tim.o(.text)
    TIM_GetCapture2                          0x08001e9b   Thumb Code     6  stm32f10x_tim.o(.text)
    TIM_GetCapture3                          0x08001ea1   Thumb Code     6  stm32f10x_tim.o(.text)
    TIM_GetCapture4                          0x08001ea7   Thumb Code     8  stm32f10x_tim.o(.text)
    TIM_GetCounter                           0x08001eaf   Thumb Code     6  stm32f10x_tim.o(.text)
    TIM_GetPrescaler                         0x08001eb5   Thumb Code     6  stm32f10x_tim.o(.text)
    TIM_GetFlagStatus                        0x08001ebb   Thumb Code    18  stm32f10x_tim.o(.text)
    TIM_ClearFlag                            0x08001ecd   Thumb Code     6  stm32f10x_tim.o(.text)
    TIM_GetITStatus                          0x08001ed3   Thumb Code    34  stm32f10x_tim.o(.text)
    TIM_ClearITPendingBit                    0x08001ef5   Thumb Code     6  stm32f10x_tim.o(.text)
    USART_DeInit                             0x08001efd   Thumb Code   134  stm32f10x_usart.o(.text)
    USART_Init                               0x08001f83   Thumb Code   210  stm32f10x_usart.o(.text)
    USART_StructInit                         0x08002055   Thumb Code    24  stm32f10x_usart.o(.text)
    USART_ClockInit                          0x0800206d   Thumb Code    34  stm32f10x_usart.o(.text)
    USART_ClockStructInit                    0x0800208f   Thumb Code    12  stm32f10x_usart.o(.text)
    USART_Cmd                                0x0800209b   Thumb Code    24  stm32f10x_usart.o(.text)
    USART_ITConfig                           0x080020b3   Thumb Code    74  stm32f10x_usart.o(.text)
    USART_DMACmd                             0x080020fd   Thumb Code    18  stm32f10x_usart.o(.text)
    USART_SetAddress                         0x0800210f   Thumb Code    18  stm32f10x_usart.o(.text)
    USART_WakeUpConfig                       0x08002121   Thumb Code    18  stm32f10x_usart.o(.text)
    USART_ReceiverWakeUpCmd                  0x08002133   Thumb Code    24  stm32f10x_usart.o(.text)
    USART_LINBreakDetectLengthConfig         0x0800214b   Thumb Code    18  stm32f10x_usart.o(.text)
    USART_LINCmd                             0x0800215d   Thumb Code    24  stm32f10x_usart.o(.text)
    USART_SendData                           0x08002175   Thumb Code     8  stm32f10x_usart.o(.text)
    USART_ReceiveData                        0x0800217d   Thumb Code    10  stm32f10x_usart.o(.text)
    USART_SendBreak                          0x08002187   Thumb Code    10  stm32f10x_usart.o(.text)
    USART_SetGuardTime                       0x08002191   Thumb Code    16  stm32f10x_usart.o(.text)
    USART_SetPrescaler                       0x080021a1   Thumb Code    16  stm32f10x_usart.o(.text)
    USART_SmartCardCmd                       0x080021b1   Thumb Code    24  stm32f10x_usart.o(.text)
    USART_SmartCardNACKCmd                   0x080021c9   Thumb Code    24  stm32f10x_usart.o(.text)
    USART_HalfDuplexCmd                      0x080021e1   Thumb Code    24  stm32f10x_usart.o(.text)
    USART_OverSampling8Cmd                   0x080021f9   Thumb Code    22  stm32f10x_usart.o(.text)
    USART_OneBitMethodCmd                    0x0800220f   Thumb Code    24  stm32f10x_usart.o(.text)
    USART_IrDAConfig                         0x08002227   Thumb Code    18  stm32f10x_usart.o(.text)
    USART_IrDACmd                            0x08002239   Thumb Code    24  stm32f10x_usart.o(.text)
    USART_GetFlagStatus                      0x08002251   Thumb Code    26  stm32f10x_usart.o(.text)
    USART_ClearFlag                          0x0800226b   Thumb Code    18  stm32f10x_usart.o(.text)
    USART_GetITStatus                        0x0800227d   Thumb Code    84  stm32f10x_usart.o(.text)
    USART_ClearITPendingBit                  0x080022d1   Thumb Code    52  stm32f10x_usart.o(.text)
    usart_send                               0x08002305   Thumb Code    22  main.o(.text)
    usart_send_string                        0x0800231b   Thumb Code    26  main.o(.text)
    usart_send_newline                       0x08002335   Thumb Code    10  main.o(.text)
    usart_send_line                          0x0800233f   Thumb Code    18  main.o(.text)
    USART1_IRQHandler                        0x08002351   Thumb Code   112  main.o(.text)
    get_key_address                          0x080023c1   Thumb Code    44  main.o(.text)
    get_key_index                            0x080023ed   Thumb Code    44  main.o(.text)
    get_conf_id                              0x08002419   Thumb Code   112  main.o(.text)
    isLongValue                              0x08002489   Thumb Code    44  main.o(.text)
    FLASH_WriteByte                          0x080024b5   Thumb Code    78  main.o(.text)
    FLASH_ReadByte                           0x08002503   Thumb Code    24  main.o(.text)
    is_flash_new                             0x0800251b   Thumb Code    18  main.o(.text)
    set_conf_to_flash                        0x0800252d   Thumb Code    64  main.o(.text)
    delay                                    0x0800256d   Thumb Code    28  main.o(.text)
    init_chip_8556                           0x08002589   Thumb Code   298  main.o(.text)
    help_info                                0x080026b3   Thumb Code    34  main.o(.text)
    dump_chip_8556                           0x080026d5   Thumb Code   512  main.o(.text)
    i2c_read_8556                            0x080028d5   Thumb Code   120  main.o(.text)
    i2c_write_8556                           0x0800294d   Thumb Code   214  main.o(.text)
    set_flash_tag                            0x08002a23   Thumb Code    60  main.o(.text)
    clear_flash_tag                          0x08002a5f   Thumb Code    18  main.o(.text)
    set_sys_brightness                       0x08002a71   Thumb Code   966  main.o(.text)
    get_flash_setting                        0x08002e37   Thumb Code    26  main.o(.text)
    brightness_init                          0x08002e51   Thumb Code   216  main.o(.text)
    init                                     0x08002f29   Thumb Code   106  main.o(.text)
    save_setting_in_flash                    0x08002f93   Thumb Code    90  main.o(.text)
    mode_switch                              0x08002fed   Thumb Code    92  main.o(.text)
    mode_set_ratio                           0x08003049   Thumb Code  1028  main.o(.text)
    display_boardinfo                        0x0800344d   Thumb Code    70  main.o(.text)
    setting_get                              0x08003493   Thumb Code   416  main.o(.text)
    set_2d_current                           0x08003633   Thumb Code   290  main.o(.text)
    set_3d_current                           0x08003755   Thumb Code   168  main.o(.text)
    set_2dctrmode                            0x080037fd   Thumb Code   818  main.o(.text)
    set_pwm                                  0x08003b2f   Thumb Code   168  main.o(.text)
    gpio_read                                0x08003bd7   Thumb Code     2  main.o(.text)
    gpio_readpin                             0x08003bd9   Thumb Code     2  main.o(.text)
    gpio_setpin                              0x08003bdb   Thumb Code     2  main.o(.text)
    gpio_clrpin                              0x08003bdd   Thumb Code     2  main.o(.text)
    display_config                           0x08003bdf   Thumb Code   296  main.o(.text)
    set_config                               0x08003d07   Thumb Code   554  main.o(.text)
    factoryreset                             0x08003f31   Thumb Code    72  main.o(.text)
    clear_cmd_info                           0x08003f79   Thumb Code    22  main.o(.text)
    result_suffix                            0x08003f8f   Thumb Code    22  main.o(.text)
    command_parse                            0x08003fa5   Thumb Code   596  main.o(.text)
    handle_command                           0x080041f9   Thumb Code  1762  main.o(.text)
    main                                     0x080048db   Thumb Code   430  main.o(.text)
    NMI_Handler                              0x08004aad   Thumb Code     2  stm32f10x_it.o(.text)
    HardFault_Handler                        0x08004aaf   Thumb Code     4  stm32f10x_it.o(.text)
    MemManage_Handler                        0x08004ab3   Thumb Code     4  stm32f10x_it.o(.text)
    BusFault_Handler                         0x08004ab7   Thumb Code     4  stm32f10x_it.o(.text)
    UsageFault_Handler                       0x08004abb   Thumb Code     4  stm32f10x_it.o(.text)
    SVC_Handler                              0x08004abf   Thumb Code     2  stm32f10x_it.o(.text)
    DebugMon_Handler                         0x08004ac1   Thumb Code     2  stm32f10x_it.o(.text)
    PendSV_Handler                           0x08004ac3   Thumb Code     2  stm32f10x_it.o(.text)
    SysTick_Handler                          0x08004ac5   Thumb Code     2  stm32f10x_it.o(.text)
    DEBUG_USART_IRQHandler                   0x08004ac7   Thumb Code    32  stm32f10x_it.o(.text)
    NVIC_Configuration                       0x08004aed   Thumb Code    38  bsp_uart.o(.text)
    USART_Config                             0x08004b13   Thumb Code   136  bsp_uart.o(.text)
    Usart_SendByte                           0x08004b9b   Thumb Code    30  bsp_uart.o(.text)
    Usart_SendArray                          0x08004bb9   Thumb Code    48  bsp_uart.o(.text)
    Usart_SendString                         0x08004be9   Thumb Code    42  bsp_uart.o(.text)
    Usart_SendHalfWord                       0x08004c13   Thumb Code    60  bsp_uart.o(.text)
    fputc                                    0x08004c4f   Thumb Code    32  bsp_uart.o(.text)
    fgetc                                    0x08004c6f   Thumb Code    26  bsp_uart.o(.text)
    ADVANCE_TIM_GPIO_Config                  0x08004c91   Thumb Code   260  bsp_pwm.o(.text)
    ADVANCE_2D_PWM_Config                    0x08004d95   Thumb Code   208  bsp_pwm.o(.text)
    ADVANCE_3D_PWM_Config                    0x08004e65   Thumb Code   210  bsp_pwm.o(.text)
    ee_CHECK_DEVICE                          0x08004f49   Thumb Code    38  bsp_i2c_ee.o(.text)
    ee_WAIT_STANDPY                          0x08004f6f   Thumb Code    36  bsp_i2c_ee.o(.text)
    ee_WRITE_BYTES                           0x08004f93   Thumb Code   128  bsp_i2c_ee.o(.text)
    ee_READ_BYTES                            0x08005013   Thumb Code   128  bsp_i2c_ee.o(.text)
    ee_1_CHECK_DEVICE                        0x08005093   Thumb Code    38  bsp_i2c_ee.o(.text)
    ee_1_WAIT_STANDPY                        0x080050b9   Thumb Code    36  bsp_i2c_ee.o(.text)
    ee_1_WRITE_BYTES                         0x080050dd   Thumb Code   128  bsp_i2c_ee.o(.text)
    ee_1_READ_BYTES                          0x0800515d   Thumb Code   128  bsp_i2c_ee.o(.text)
    i2c_GPIO_Config                          0x080051dd   Thumb Code    88  bsp_i2c_gpio.o(.text)
    i2c_START                                0x08005243   Thumb Code    56  bsp_i2c_gpio.o(.text)
    i2c_STOP                                 0x0800527b   Thumb Code    42  bsp_i2c_gpio.o(.text)
    i2c_ASK                                  0x080052a5   Thumb Code    56  bsp_i2c_gpio.o(.text)
    i2c_NASK                                 0x080052dd   Thumb Code    42  bsp_i2c_gpio.o(.text)
    i2c_WAIT_ASK                             0x08005307   Thumb Code    64  bsp_i2c_gpio.o(.text)
    i2c_WRITE_BYTE                           0x08005347   Thumb Code    96  bsp_i2c_gpio.o(.text)
    i2c_READ_BYTE                            0x080053a7   Thumb Code    70  bsp_i2c_gpio.o(.text)
    i2c1_START                               0x080053ed   Thumb Code    56  bsp_i2c_gpio.o(.text)
    i2c1_STOP                                0x08005425   Thumb Code    42  bsp_i2c_gpio.o(.text)
    i2c1_ASK                                 0x0800544f   Thumb Code    56  bsp_i2c_gpio.o(.text)
    i2c1_NASK                                0x08005487   Thumb Code    42  bsp_i2c_gpio.o(.text)
    i2c1_WAIT_ASK                            0x080054b1   Thumb Code    64  bsp_i2c_gpio.o(.text)
    i2c1_WRITE_BYTE                          0x080054f1   Thumb Code    96  bsp_i2c_gpio.o(.text)
    i2c1_READ_BYTE                           0x08005551   Thumb Code    70  bsp_i2c_gpio.o(.text)
    __aeabi_memset                           0x0800559d   Thumb Code    14  memseta.o(.text)
    __aeabi_memset4                          0x0800559d   Thumb Code     0  memseta.o(.text)
    __aeabi_memset8                          0x0800559d   Thumb Code     0  memseta.o(.text)
    __aeabi_memclr                           0x080055ab   Thumb Code     4  memseta.o(.text)
    __aeabi_memclr4                          0x080055ab   Thumb Code     0  memseta.o(.text)
    __aeabi_memclr8                          0x080055ab   Thumb Code     0  memseta.o(.text)
    _memset$wrapper                          0x080055af   Thumb Code    18  memseta.o(.text)
    strncpy                                  0x080055c1   Thumb Code    24  strncpy.o(.text)
    strlen                                   0x080055d9   Thumb Code    14  strlen.o(.text)
    strcmp                                   0x080055e7   Thumb Code    28  strcmp.o(.text)
    strncmp                                  0x08005603   Thumb Code    30  strncmp.o(.text)
    strtok                                   0x08005621   Thumb Code    62  strtok.o(.text)
    strtol                                   0x08005665   Thumb Code   112  strtol.o(.text)
    atoi                                     0x080056d5   Thumb Code    26  atoi.o(.text)
    __aeabi_dmul                             0x080056ef   Thumb Code   228  dmul.o(.text)
    __aeabi_ddiv                             0x080057d3   Thumb Code   222  ddiv.o(.text)
    __aeabi_i2d                              0x080058b1   Thumb Code    34  dflti.o(.text)
    __aeabi_ui2d                             0x080058d3   Thumb Code    26  dfltui.o(.text)
    __aeabi_d2iz                             0x080058ed   Thumb Code    62  dfixi.o(.text)
    __aeabi_d2uiz                            0x0800592b   Thumb Code    50  dfixui.o(.text)
    __aeabi_cdcmpeq                          0x0800595d   Thumb Code     0  cdcmple.o(.text)
    __aeabi_cdcmple                          0x0800595d   Thumb Code    48  cdcmple.o(.text)
    __aeabi_cdrcmple                         0x0800598d   Thumb Code    48  cdrcmple.o(.text)
    __aeabi_uidiv                            0x080059bd   Thumb Code     0  uidiv.o(.text)
    __aeabi_uidivmod                         0x080059bd   Thumb Code    44  uidiv.o(.text)
    __aeabi_uldivmod                         0x080059e9   Thumb Code    98  uldiv.o(.text)
    __aeabi_llsr                             0x08005a4b   Thumb Code    32  llushr.o(.text)
    _ll_ushift_r                             0x08005a4b   Thumb Code     0  llushr.o(.text)
    __rt_ctype_table                         0x08005a6d   Thumb Code     4  ctype_o.o(.text)
    isspace                                  0x08005a75   Thumb Code    18  isspace_o.o(.text)
    _strtoul                                 0x08005a87   Thumb Code   158  _strtoul.o(.text)
    __strtod_int                             0x08005b5b   Thumb Code    88  strtod.o(.text)
    __I$use$fp                               0x08005bc1   Thumb Code     0  iusefp.o(.text)
    _double_round                            0x08005bc1   Thumb Code    30  depilogue.o(.text)
    _double_epilogue                         0x08005bdf   Thumb Code   156  depilogue.o(.text)
    __aeabi_dadd                             0x08005c7b   Thumb Code   322  dadd.o(.text)
    __aeabi_dsub                             0x08005dbd   Thumb Code     6  dadd.o(.text)
    __aeabi_drsub                            0x08005dc3   Thumb Code     6  dadd.o(.text)
    __aeabi_d2ulz                            0x08005dc9   Thumb Code    48  dfixul.o(.text)
    __scatterload                            0x08005df9   Thumb Code    28  init.o(.text)
    __scatterload_rt2                        0x08005df9   Thumb Code     0  init.o(.text)
    __aeabi_llsl                             0x08005e1d   Thumb Code    30  llshl.o(.text)
    _ll_shift_l                              0x08005e1d   Thumb Code     0  llshl.o(.text)
    __aeabi_lasr                             0x08005e3b   Thumb Code    36  llsshr.o(.text)
    _ll_sshift_r                             0x08005e3b   Thumb Code     0  llsshr.o(.text)
    _chval                                   0x08005e5f   Thumb Code    28  _chval.o(.text)
    _scanf_real                              0x08005f7d   Thumb Code     0  scanf_fp.o(.text)
    _scanf_really_real                       0x08005f7d   Thumb Code   556  scanf_fp.o(.text)
    _sgetc                                   0x080061b5   Thumb Code    30  _sgetc.o(.text)
    _sbackspace                              0x080061d3   Thumb Code    34  _sgetc.o(.text)
    __aeabi_ul2d                             0x080061f5   Thumb Code    24  dfltul.o(.text)
    __aeabi_d2f                              0x0800620d   Thumb Code    56  d2f.o(.text)
    _float_round                             0x08006245   Thumb Code    18  fepilogue.o(.text)
    _float_epilogue                          0x08006257   Thumb Code    92  fepilogue.o(.text)
    __decompress                             0x080062b3   Thumb Code     0  __dczerorl2.o(.text)
    __decompress1                            0x080062b3   Thumb Code    86  __dczerorl2.o(.text)
    __0printf                                0x08006309   Thumb Code    22  printfa.o(i.__0printf)
    __1printf                                0x08006309   Thumb Code     0  printfa.o(i.__0printf)
    __2printf                                0x08006309   Thumb Code     0  printfa.o(i.__0printf)
    __c89printf                              0x08006309   Thumb Code     0  printfa.o(i.__0printf)
    printf                                   0x08006309   Thumb Code     0  printfa.o(i.__0printf)
    __aeabi_errno_addr                       0x08006329   Thumb Code     4  errno.o(i.__aeabi_errno_addr)
    __rt_errno_addr                          0x08006329   Thumb Code     0  errno.o(i.__aeabi_errno_addr)
    __scatterload_copy                       0x08006331   Thumb Code    14  handlers.o(i.__scatterload_copy)
    __scatterload_null                       0x0800633f   Thumb Code     2  handlers.o(i.__scatterload_null)
    __scatterload_zeroinit                   0x08006341   Thumb Code    14  handlers.o(i.__scatterload_zeroinit)
    _is_digit                                0x080064b5   Thumb Code    14  scanf_fp.o(i._is_digit)
    strtod                                   0x08006bf3   Thumb Code    28  strtod.o(i.strtod)
    __ctype_table                            0x08006c0e   Data         129  ctype_o.o(.constdata)
    Region$$Table$$Base                      0x08006cfc   Number         0  anon$$obj.o(Region$$Table)
    Region$$Table$$Limit                     0x08006d1c   Number         0  anon$$obj.o(Region$$Table)
    SystemCoreClock                          0x20000000   Data           4  system_stm32f10x.o(.data)
    AHBPrescTable                            0x20000004   Data          16  system_stm32f10x.o(.data)
    board_info                               0x20000028   Data         128  main.o(.data)
    cmd_received                             0x200000a8   Data           4  main.o(.data)
    cmd_too_long                             0x200000ac   Data           4  main.o(.data)
    usart_buf_length                         0x200000b0   Data           2  main.o(.data)
    cmd_help_str                             0x200000b2   Data        1500  main.o(.data)
    cmd_id                                   0x200006ac   Data           4  main.o(.data)
    cmd_key_num                              0x200006b0   Data           4  main.o(.data)
    ShortValue                               0x200006d8   Data         512  main.o(.data)
    LongValue                                0x200008d8   Data         640  main.o(.data)
    __stdout                                 0x20000e50   Data           4  stdout.o(.data)
    g_tokens                                 0x20000e58   Data          20  main.o(.bss)
    cmd_buffer                               0x20000e6c   Data         128  main.o(.bss)
    g_usart_buf                              0x20000eec   Data         128  main.o(.bss)
    __initial_sp                             0x20001370   Data           0  startup_stm32f10x_hd.o(STACK)



==============================================================================

Memory Map of the image

  Image Entry point : 0x08000131

  Load Region LR_IROM1 (Base: 0x08000000, Size: 0x00007b74, Max: 0x00010000, ABSOLUTE, COMPRESSED[0x0000722c])

    Execution Region ER_IROM1 (Base: 0x08000000, Size: 0x00006d1c, Max: 0x00010000, ABSOLUTE)

    Base Addr    Size         Type   Attr      Idx    E Section Name        Object

    0x08000000   0x00000130   Data   RO            3    RESET               startup_stm32f10x_hd.o
    0x08000130   0x00000000   Code   RO          524  * .ARM.Collect$$$$00000000  mc_w.l(entry.o)
    0x08000130   0x00000004   Code   RO          824    .ARM.Collect$$$$00000001  mc_w.l(entry2.o)
    0x08000134   0x00000004   Code   RO          827    .ARM.Collect$$$$00000004  mc_w.l(entry5.o)
    0x08000138   0x00000000   Code   RO          829    .ARM.Collect$$$$00000008  mc_w.l(entry7b.o)
    0x08000138   0x00000000   Code   RO          831    .ARM.Collect$$$$0000000A  mc_w.l(entry8b.o)
    0x08000138   0x00000008   Code   RO          832    .ARM.Collect$$$$0000000B  mc_w.l(entry9a.o)
    0x08000140   0x00000000   Code   RO          834    .ARM.Collect$$$$0000000D  mc_w.l(entry10a.o)
    0x08000140   0x00000000   Code   RO          836    .ARM.Collect$$$$0000000F  mc_w.l(entry11a.o)
    0x08000140   0x00000004   Code   RO          825    .ARM.Collect$$$$00002712  mc_w.l(entry2.o)
    0x08000144   0x00000024   Code   RO            4    .text               startup_stm32f10x_hd.o
    0x08000168   0x000001e0   Code   RO           24    .text               system_stm32f10x.o
    0x08000348   0x000000dc   Code   RO          121    .text               misc.o
    0x08000424   0x000005bc   Code   RO          245    .text               stm32f10x_flash.o
    0x080009e0   0x0000035c   Code   RO          269    .text               stm32f10x_gpio.o
    0x08000d3c   0x000003a4   Code   RO          317    .text               stm32f10x_rcc.o
    0x080010e0   0x00000e1a   Code   RO          367    .text               stm32f10x_tim.o
    0x08001efa   0x00000002   PAD
    0x08001efc   0x00000408   Code   RO          379    .text               stm32f10x_usart.o
    0x08002304   0x000027a8   Code   RO          403    .text               main.o
    0x08004aac   0x00000040   Code   RO          442    .text               stm32f10x_it.o
    0x08004aec   0x000001a4   Code   RO          457    .text               bsp_uart.o
    0x08004c90   0x000002b8   Code   RO          472    .text               bsp_pwm.o
    0x08004f48   0x00000294   Code   RO          487    .text               bsp_i2c_ee.o
    0x080051dc   0x000003c0   Code   RO          505    .text               bsp_i2c_gpio.o
    0x0800559c   0x00000024   Code   RO          527    .text               mc_w.l(memseta.o)
    0x080055c0   0x00000018   Code   RO          529    .text               mc_w.l(strncpy.o)
    0x080055d8   0x0000000e   Code   RO          531    .text               mc_w.l(strlen.o)
    0x080055e6   0x0000001c   Code   RO          533    .text               mc_w.l(strcmp.o)
    0x08005602   0x0000001e   Code   RO          535    .text               mc_w.l(strncmp.o)
    0x08005620   0x00000044   Code   RO          537    .text               mc_w.l(strtok.o)
    0x08005664   0x00000070   Code   RO          804    .text               mc_w.l(strtol.o)
    0x080056d4   0x0000001a   Code   RO          806    .text               mc_w.l(atoi.o)
    0x080056ee   0x000000e4   Code   RO          808    .text               mf_w.l(dmul.o)
    0x080057d2   0x000000de   Code   RO          810    .text               mf_w.l(ddiv.o)
    0x080058b0   0x00000022   Code   RO          812    .text               mf_w.l(dflti.o)
    0x080058d2   0x0000001a   Code   RO          814    .text               mf_w.l(dfltui.o)
    0x080058ec   0x0000003e   Code   RO          816    .text               mf_w.l(dfixi.o)
    0x0800592a   0x00000032   Code   RO          818    .text               mf_w.l(dfixui.o)
    0x0800595c   0x00000030   Code   RO          820    .text               mf_w.l(cdcmple.o)
    0x0800598c   0x00000030   Code   RO          822    .text               mf_w.l(cdrcmple.o)
    0x080059bc   0x0000002c   Code   RO          839    .text               mc_w.l(uidiv.o)
    0x080059e8   0x00000062   Code   RO          841    .text               mc_w.l(uldiv.o)
    0x08005a4a   0x00000020   Code   RO          843    .text               mc_w.l(llushr.o)
    0x08005a6a   0x00000002   PAD
    0x08005a6c   0x00000008   Code   RO          845    .text               mc_w.l(ctype_o.o)
    0x08005a74   0x00000012   Code   RO          867    .text               mc_w.l(isspace_o.o)
    0x08005a86   0x0000009e   Code   RO          880    .text               mc_w.l(_strtoul.o)
    0x08005b24   0x0000009c   Code   RO          882    .text               mc_w.l(strtod.o)
    0x08005bc0   0x00000000   Code   RO          884    .text               mc_w.l(iusefp.o)
    0x08005bc0   0x000000ba   Code   RO          885    .text               mf_w.l(depilogue.o)
    0x08005c7a   0x0000014e   Code   RO          887    .text               mf_w.l(dadd.o)
    0x08005dc8   0x00000030   Code   RO          889    .text               mf_w.l(dfixul.o)
    0x08005df8   0x00000024   Code   RO          891    .text               mc_w.l(init.o)
    0x08005e1c   0x0000001e   Code   RO          893    .text               mc_w.l(llshl.o)
    0x08005e3a   0x00000024   Code   RO          895    .text               mc_w.l(llsshr.o)
    0x08005e5e   0x0000001c   Code   RO          899    .text               mc_w.l(_chval.o)
    0x08005e7a   0x00000002   PAD
    0x08005e7c   0x00000338   Code   RO          901    .text               mc_w.l(scanf_fp.o)
    0x080061b4   0x00000040   Code   RO          905    .text               mc_w.l(_sgetc.o)
    0x080061f4   0x00000018   Code   RO          910    .text               mf_w.l(dfltul.o)
    0x0800620c   0x00000038   Code   RO          912    .text               mf_w.l(d2f.o)
    0x08006244   0x0000006e   Code   RO          914    .text               mf_w.l(fepilogue.o)
    0x080062b2   0x00000056   Code   RO          924    .text               mc_w.l(__dczerorl2.o)
    0x08006308   0x00000020   Code   RO          776    i.__0printf         mc_w.l(printfa.o)
    0x08006328   0x00000008   Code   RO          873    i.__aeabi_errno_addr  mc_w.l(errno.o)
    0x08006330   0x0000000e   Code   RO          918    i.__scatterload_copy  mc_w.l(handlers.o)
    0x0800633e   0x00000002   Code   RO          919    i.__scatterload_null  mc_w.l(handlers.o)
    0x08006340   0x0000000e   Code   RO          920    i.__scatterload_zeroinit  mc_w.l(handlers.o)
    0x0800634e   0x00000002   PAD
    0x08006350   0x00000164   Code   RO          783    i._fp_digits        mc_w.l(printfa.o)
    0x080064b4   0x0000000e   Code   RO          903    i._is_digit         mc_w.l(scanf_fp.o)
    0x080064c2   0x00000002   PAD
    0x080064c4   0x000006dc   Code   RO          784    i._printf_core      mc_w.l(printfa.o)
    0x08006ba0   0x00000024   Code   RO          785    i._printf_post_padding  mc_w.l(printfa.o)
    0x08006bc4   0x0000002e   Code   RO          786    i._printf_pre_padding  mc_w.l(printfa.o)
    0x08006bf2   0x0000001c   Code   RO          521    i.strtod            m_ws.l(strtod.o)
    0x08006c0e   0x00000081   Data   RO          846    .constdata          mc_w.l(ctype_o.o)
    0x08006c8f   0x00000001   PAD
    0x08006c90   0x00000004   Data   RO          847    .constdata          mc_w.l(ctype_o.o)
    0x08006c94   0x00000067   Data   RO          405    .conststring        main.o
    0x08006cfb   0x00000001   PAD
    0x08006cfc   0x00000020   Data   RO          916    Region$$Table       anon$$obj.o


    Execution Region RW_IRAM1 (Base: 0x20000000, Size: 0x00001370, Max: 0x00005000, ABSOLUTE, COMPRESSED[0x00000510])

    Base Addr    Size         Type   Attr      Idx    E Section Name        Object

    0x20000000   0x00000014   Data   RW           25    .data               system_stm32f10x.o
    0x20000014   0x00000014   Data   RW          318    .data               stm32f10x_rcc.o
    0x20000028   0x00000e24   Data   RW          406    .data               main.o
    0x20000e4c   0x00000004   Data   RW          538    .data               mc_w.l(strtok.o)
    0x20000e50   0x00000004   Data   RW          838    .data               mc_w.l(stdout.o)
    0x20000e54   0x00000004   Data   RW          876    .data               mc_w.l(errno.o)
    0x20000e58   0x00000114   Zero   RW          404    .bss                main.o
    0x20000f6c   0x00000004   PAD
    0x20000f70   0x00000400   Zero   RW            1    STACK               startup_stm32f10x_hd.o


==============================================================================

Image component sizes


      Code (inc. data)   RO Data    RW Data    ZI Data      Debug   Object Name

       660          0          0          0          0       3312   bsp_i2c_ee.o
       960          6          0          0          0       2973   bsp_i2c_gpio.o
       696         18          0          0          0       1502   bsp_pwm.o
       420          8          0          0          0       2493   bsp_uart.o
         0          0          0          0          0       4504   core_cm3.o
     10152       3214        103       3620        276      20100   main.o
       220         22          0          0          0       1873   misc.o
        36          8        304          0       1024        848   startup_stm32f10x_hd.o
      1468         34          0          0          0       8102   stm32f10x_flash.o
       860         38          0          0          0       5717   stm32f10x_gpio.o
        64          6          0          0          0       1429   stm32f10x_it.o
       932         36          0         20          0       8892   stm32f10x_rcc.o
      3610         88          0          0          0      22204   stm32f10x_tim.o
      1032         22          0          0          0       8444   stm32f10x_usart.o
       480         38          0         20          0     255259   system_stm32f10x.o

    ----------------------------------------------------------------------
     21592       3538        440       3660       1304     347652   Object Totals
         0          0         32          0          0          0   (incl. Generated)
         2          0          1          0          4          0   (incl. Padding)

    ----------------------------------------------------------------------

      Code (inc. data)   RO Data    RW Data    ZI Data      Debug   Library Member Name

        28          0          0          0          0         80   strtod.o
        86          0          0          0          0          0   __dczerorl2.o
        28          0          0          0          0         68   _chval.o
        64          0          0          0          0         84   _sgetc.o
       158          0          0          0          0         92   _strtoul.o
        26          0          0          0          0         80   atoi.o
         8          4        133          0          0         68   ctype_o.o
         0          0          0          0          0          0   entry.o
         0          0          0          0          0          0   entry10a.o
         0          0          0          0          0          0   entry11a.o
         8          4          0          0          0          0   entry2.o
         4          0          0          0          0          0   entry5.o
         0          0          0          0          0          0   entry7b.o
         0          0          0          0          0          0   entry8b.o
         8          4          0          0          0          0   entry9a.o
         8          4          0          4          0         68   errno.o
        30          0          0          0          0          0   handlers.o
        36          8          0          0          0         68   init.o
        18          0          0          0          0         76   isspace_o.o
         0          0          0          0          0          0   iusefp.o
        30          0          0          0          0         68   llshl.o
        36          0          0          0          0         68   llsshr.o
        32          0          0          0          0         68   llushr.o
        36          0          0          0          0        108   memseta.o
      2226         90          0          0          0        444   printfa.o
       838         12          0          0          0        216   scanf_fp.o
         0          0          0          4          0          0   stdout.o
        28          0          0          0          0         76   strcmp.o
        14          0          0          0          0         68   strlen.o
        30          0          0          0          0         80   strncmp.o
        24          0          0          0          0         76   strncpy.o
       156         14          0          0          0        120   strtod.o
        68          6          0          4          0         80   strtok.o
       112          0          0          0          0         88   strtol.o
        44          0          0          0          0         80   uidiv.o
        98          0          0          0          0         92   uldiv.o
        48          0          0          0          0         68   cdcmple.o
        48          0          0          0          0         68   cdrcmple.o
        56          0          0          0          0         88   d2f.o
       334          0          0          0          0        148   dadd.o
       222          0          0          0          0        100   ddiv.o
       186          0          0          0          0        176   depilogue.o
        62          0          0          0          0         80   dfixi.o
        50          0          0          0          0         76   dfixui.o
        48          0          0          0          0         68   dfixul.o
        34          0          0          0          0         76   dflti.o
        26          0          0          0          0         76   dfltui.o
        24          0          0          0          0         76   dfltul.o
       228          0          0          0          0         96   dmul.o
       110          0          0          0          0        168   fepilogue.o

    ----------------------------------------------------------------------
      5766        146        134         12          0       3780   Library Totals
         8          0          1          0          0          0   (incl. Padding)

    ----------------------------------------------------------------------

      Code (inc. data)   RO Data    RW Data    ZI Data      Debug   Library Name

        28          0          0          0          0         80   m_ws.l
      4254        146        133         12          0       2336   mc_w.l
      1476          0          0          0          0       1364   mf_w.l

    ----------------------------------------------------------------------
      5766        146        134         12          0       3780   Library Totals

    ----------------------------------------------------------------------

==============================================================================


      Code (inc. data)   RO Data    RW Data    ZI Data      Debug   

     27358       3684        574       3672       1304     348284   Grand Totals
     27358       3684        574       1296       1304     348284   ELF Image Totals (compressed)
     27358       3684        574       1296          0          0   ROM Totals

==============================================================================

    Total RO  Size (Code + RO Data)                27932 (  27.28kB)
    Total RW  Size (RW Data + ZI Data)              4976 (   4.86kB)
    Total ROM Size (Code + RO Data + RW Data)      29228 (  28.54kB)

==============================================================================

